Archive member included because of file (symbol)

/Users/gian/Projects/Microcontrollers/ARM/Tools/gcc-arm-none-eabi-4_8-2014q2/bin/../lib/gcc/arm-none-eabi/4.8.4/../../../../arm-none-eabi/lib/armv7e-m/libg.a(lib_a-exit.o)
                              /Users/gian/Projects/Microcontrollers/ARM/Tools/gcc-arm-none-eabi-4_8-2014q2/bin/../lib/gcc/arm-none-eabi/4.8.4/../../../../arm-none-eabi/lib/armv7e-m/crt0.o (exit)
/Users/gian/Projects/Microcontrollers/ARM/Tools/gcc-arm-none-eabi-4_8-2014q2/bin/../lib/gcc/arm-none-eabi/4.8.4/../../../../arm-none-eabi/lib/armv7e-m/libg.a(lib_a-impure.o)
                              /Users/gian/Projects/Microcontrollers/ARM/Tools/gcc-arm-none-eabi-4_8-2014q2/bin/../lib/gcc/arm-none-eabi/4.8.4/../../../../arm-none-eabi/lib/armv7e-m/libg.a(lib_a-exit.o) (_global_impure_ptr)
/Users/gian/Projects/Microcontrollers/ARM/Tools/gcc-arm-none-eabi-4_8-2014q2/bin/../lib/gcc/arm-none-eabi/4.8.4/../../../../arm-none-eabi/lib/armv7e-m/libg.a(lib_a-init.o)
                              /Users/gian/Projects/Microcontrollers/ARM/Tools/gcc-arm-none-eabi-4_8-2014q2/bin/../lib/gcc/arm-none-eabi/4.8.4/../../../../arm-none-eabi/lib/armv7e-m/crt0.o (__libc_init_array)
/Users/gian/Projects/Microcontrollers/ARM/Tools/gcc-arm-none-eabi-4_8-2014q2/bin/../lib/gcc/arm-none-eabi/4.8.4/../../../../arm-none-eabi/lib/armv7e-m/libg.a(lib_a-memset.o)
                              /Users/gian/Projects/Microcontrollers/ARM/Tools/gcc-arm-none-eabi-4_8-2014q2/bin/../lib/gcc/arm-none-eabi/4.8.4/../../../../arm-none-eabi/lib/armv7e-m/crt0.o (memset)
/Users/gian/Projects/Microcontrollers/ARM/Tools/gcc-arm-none-eabi-4_8-2014q2/bin/../lib/gcc/arm-none-eabi/4.8.4/../../../../arm-none-eabi/lib/armv7e-m/libg.a(lib_a-__call_atexit.o)
                              /Users/gian/Projects/Microcontrollers/ARM/Tools/gcc-arm-none-eabi-4_8-2014q2/bin/../lib/gcc/arm-none-eabi/4.8.4/../../../../arm-none-eabi/lib/armv7e-m/libg.a(lib_a-exit.o) (__call_exitprocs)
/Users/gian/Projects/Microcontrollers/ARM/Tools/gcc-arm-none-eabi-4_8-2014q2/bin/../lib/gcc/arm-none-eabi/4.8.4/../../../../arm-none-eabi/lib/armv7e-m/libg.a(lib_a-atexit.o)
                              /Users/gian/Projects/Microcontrollers/ARM/Tools/gcc-arm-none-eabi-4_8-2014q2/bin/../lib/gcc/arm-none-eabi/4.8.4/../../../../arm-none-eabi/lib/armv7e-m/libg.a(lib_a-__call_atexit.o) (atexit)
/Users/gian/Projects/Microcontrollers/ARM/Tools/gcc-arm-none-eabi-4_8-2014q2/bin/../lib/gcc/arm-none-eabi/4.8.4/../../../../arm-none-eabi/lib/armv7e-m/libg.a(lib_a-fini.o)
                              /Users/gian/Projects/Microcontrollers/ARM/Tools/gcc-arm-none-eabi-4_8-2014q2/bin/../lib/gcc/arm-none-eabi/4.8.4/../../../../arm-none-eabi/lib/armv7e-m/libg.a(lib_a-__call_atexit.o) (__libc_fini_array)
/Users/gian/Projects/Microcontrollers/ARM/Tools/gcc-arm-none-eabi-4_8-2014q2/bin/../lib/gcc/arm-none-eabi/4.8.4/../../../../arm-none-eabi/lib/armv7e-m/libg.a(lib_a-__atexit.o)
                              /Users/gian/Projects/Microcontrollers/ARM/Tools/gcc-arm-none-eabi-4_8-2014q2/bin/../lib/gcc/arm-none-eabi/4.8.4/../../../../arm-none-eabi/lib/armv7e-m/libg.a(lib_a-atexit.o) (__register_exitproc)

Allocating common symbols
Common symbol       size              file

SR_reg              0x1               ./Generated_Code/Cpu.o

Discarded input sections

 .text          0x0000000000000000        0x0 /Users/gian/Projects/Microcontrollers/ARM/Tools/gcc-arm-none-eabi-4_8-2014q2/bin/../lib/gcc/arm-none-eabi/4.8.4/armv7e-m/crti.o
 .data          0x0000000000000000        0x0 /Users/gian/Projects/Microcontrollers/ARM/Tools/gcc-arm-none-eabi-4_8-2014q2/bin/../lib/gcc/arm-none-eabi/4.8.4/armv7e-m/crti.o
 .bss           0x0000000000000000        0x0 /Users/gian/Projects/Microcontrollers/ARM/Tools/gcc-arm-none-eabi-4_8-2014q2/bin/../lib/gcc/arm-none-eabi/4.8.4/armv7e-m/crti.o
 .data          0x0000000000000000        0x4 /Users/gian/Projects/Microcontrollers/ARM/Tools/gcc-arm-none-eabi-4_8-2014q2/bin/../lib/gcc/arm-none-eabi/4.8.4/armv7e-m/crtbegin.o
 .text          0x0000000000000000       0x74 /Users/gian/Projects/Microcontrollers/ARM/Tools/gcc-arm-none-eabi-4_8-2014q2/bin/../lib/gcc/arm-none-eabi/4.8.4/../../../../arm-none-eabi/lib/armv7e-m/crt0.o
 .data          0x0000000000000000        0x0 /Users/gian/Projects/Microcontrollers/ARM/Tools/gcc-arm-none-eabi-4_8-2014q2/bin/../lib/gcc/arm-none-eabi/4.8.4/../../../../arm-none-eabi/lib/armv7e-m/crt0.o
 .bss           0x0000000000000000        0x0 /Users/gian/Projects/Microcontrollers/ARM/Tools/gcc-arm-none-eabi-4_8-2014q2/bin/../lib/gcc/arm-none-eabi/4.8.4/../../../../arm-none-eabi/lib/armv7e-m/crt0.o
 .ARM.extab     0x0000000000000000        0x0 /Users/gian/Projects/Microcontrollers/ARM/Tools/gcc-arm-none-eabi-4_8-2014q2/bin/../lib/gcc/arm-none-eabi/4.8.4/../../../../arm-none-eabi/lib/armv7e-m/crt0.o
 .ARM.exidx     0x0000000000000000        0x8 /Users/gian/Projects/Microcontrollers/ARM/Tools/gcc-arm-none-eabi-4_8-2014q2/bin/../lib/gcc/arm-none-eabi/4.8.4/../../../../arm-none-eabi/lib/armv7e-m/crt0.o
 .ARM.attributes
                0x0000000000000000       0x1c /Users/gian/Projects/Microcontrollers/ARM/Tools/gcc-arm-none-eabi-4_8-2014q2/bin/../lib/gcc/arm-none-eabi/4.8.4/../../../../arm-none-eabi/lib/armv7e-m/crt0.o
 .group         0x0000000000000000        0x8 ./Sources/Events.o
 .group         0x0000000000000000        0x8 ./Sources/Events.o
 .group         0x0000000000000000        0x8 ./Sources/Events.o
 .group         0x0000000000000000        0x8 ./Sources/Events.o
 .group         0x0000000000000000        0x8 ./Sources/Events.o
 .group         0x0000000000000000        0x8 ./Sources/Events.o
 .group         0x0000000000000000        0x8 ./Sources/Events.o
 .group         0x0000000000000000        0x8 ./Sources/Events.o
 .group         0x0000000000000000        0x8 ./Sources/Events.o
 .text          0x0000000000000000        0x0 ./Sources/Events.o
 .data          0x0000000000000000        0x0 ./Sources/Events.o
 .bss           0x0000000000000000        0x0 ./Sources/Events.o
 .group         0x0000000000000000        0x8 ./Sources/main.o
 .group         0x0000000000000000        0x8 ./Sources/main.o
 .group         0x0000000000000000        0x8 ./Sources/main.o
 .group         0x0000000000000000        0x8 ./Sources/main.o
 .group         0x0000000000000000        0x8 ./Sources/main.o
 .group         0x0000000000000000        0x8 ./Sources/main.o
 .group         0x0000000000000000        0x8 ./Sources/main.o
 .group         0x0000000000000000        0x8 ./Sources/main.o
 .group         0x0000000000000000        0x8 ./Sources/main.o
 .text          0x0000000000000000        0x0 ./Sources/main.o
 .data          0x0000000000000000        0x0 ./Sources/main.o
 .bss           0x0000000000000000        0x0 ./Sources/main.o
 .debug_macro   0x0000000000000000      0x84a ./Sources/main.o
 .debug_macro   0x0000000000000000       0x16 ./Sources/main.o
 .debug_macro   0x0000000000000000       0x44 ./Sources/main.o
 .debug_macro   0x0000000000000000      0x209 ./Sources/main.o
 .debug_macro   0x0000000000000000     0x1656 ./Sources/main.o
 .debug_macro   0x0000000000000000      0x14e ./Sources/main.o
 .debug_macro   0x0000000000000000       0x6a ./Sources/main.o
 .debug_macro   0x0000000000000000     0x9b9f ./Sources/main.o
 .debug_macro   0x0000000000000000       0xa0 ./Sources/main.o
 .group         0x0000000000000000        0x8 ./Project_Settings/Startup_Code/startup.o
 .group         0x0000000000000000        0x8 ./Project_Settings/Startup_Code/startup.o
 .group         0x0000000000000000        0x8 ./Project_Settings/Startup_Code/startup.o
 .group         0x0000000000000000        0x8 ./Project_Settings/Startup_Code/startup.o
 .group         0x0000000000000000        0x8 ./Project_Settings/Startup_Code/startup.o
 .group         0x0000000000000000        0x8 ./Project_Settings/Startup_Code/startup.o
 .group         0x0000000000000000        0x8 ./Project_Settings/Startup_Code/startup.o
 .group         0x0000000000000000        0x8 ./Project_Settings/Startup_Code/startup.o
 .group         0x0000000000000000        0x8 ./Project_Settings/Startup_Code/startup.o
 .group         0x0000000000000000        0x8 ./Project_Settings/Startup_Code/startup.o
 .group         0x0000000000000000        0x8 ./Project_Settings/Startup_Code/startup.o
 .group         0x0000000000000000        0x8 ./Project_Settings/Startup_Code/startup.o
 .group         0x0000000000000000        0x8 ./Project_Settings/Startup_Code/startup.o
 .group         0x0000000000000000        0x8 ./Project_Settings/Startup_Code/startup.o
 .group         0x0000000000000000        0x8 ./Project_Settings/Startup_Code/startup.o
 .group         0x0000000000000000        0x8 ./Project_Settings/Startup_Code/startup.o
 .text          0x0000000000000000        0x0 ./Project_Settings/Startup_Code/startup.o
 .data          0x0000000000000000        0x0 ./Project_Settings/Startup_Code/startup.o
 .bss           0x0000000000000000        0x0 ./Project_Settings/Startup_Code/startup.o
 .text.__init_hardware
                0x0000000000000000        0xc ./Project_Settings/Startup_Code/startup.o
 .text.__iar_program_start
                0x0000000000000000        0xc ./Project_Settings/Startup_Code/startup.o
 .debug_macro   0x0000000000000000      0x84a ./Project_Settings/Startup_Code/startup.o
 .debug_macro   0x0000000000000000       0x16 ./Project_Settings/Startup_Code/startup.o
 .group         0x0000000000000000        0x8 ./Generated_Code/Cpu.o
 .group         0x0000000000000000        0x8 ./Generated_Code/Cpu.o
 .group         0x0000000000000000        0x8 ./Generated_Code/Cpu.o
 .group         0x0000000000000000        0x8 ./Generated_Code/Cpu.o
 .group         0x0000000000000000        0x8 ./Generated_Code/Cpu.o
 .group         0x0000000000000000        0x8 ./Generated_Code/Cpu.o
 .group         0x0000000000000000        0x8 ./Generated_Code/Cpu.o
 .group         0x0000000000000000        0x8 ./Generated_Code/Cpu.o
 .group         0x0000000000000000        0x8 ./Generated_Code/Cpu.o
 .text          0x0000000000000000        0x0 ./Generated_Code/Cpu.o
 .data          0x0000000000000000        0x0 ./Generated_Code/Cpu.o
 .bss           0x0000000000000000        0x0 ./Generated_Code/Cpu.o
 .bss.SR_lock   0x0000000000000000        0x1 ./Generated_Code/Cpu.o
 .debug_macro   0x0000000000000000      0x84a ./Generated_Code/Cpu.o
 .debug_macro   0x0000000000000000       0x16 ./Generated_Code/Cpu.o
 .debug_macro   0x0000000000000000       0x44 ./Generated_Code/Cpu.o
 .debug_macro   0x0000000000000000      0x209 ./Generated_Code/Cpu.o
 .debug_macro   0x0000000000000000     0x1656 ./Generated_Code/Cpu.o
 .debug_macro   0x0000000000000000      0x14e ./Generated_Code/Cpu.o
 .debug_macro   0x0000000000000000       0x6a ./Generated_Code/Cpu.o
 .debug_macro   0x0000000000000000     0x9b9f ./Generated_Code/Cpu.o
 COMMON         0x0000000000000000        0x1 ./Generated_Code/Cpu.o
 .group         0x0000000000000000        0x8 ./Generated_Code/PE_LDD.o
 .group         0x0000000000000000        0x8 ./Generated_Code/PE_LDD.o
 .group         0x0000000000000000        0x8 ./Generated_Code/PE_LDD.o
 .group         0x0000000000000000        0x8 ./Generated_Code/PE_LDD.o
 .group         0x0000000000000000        0x8 ./Generated_Code/PE_LDD.o
 .group         0x0000000000000000        0x8 ./Generated_Code/PE_LDD.o
 .group         0x0000000000000000        0x8 ./Generated_Code/PE_LDD.o
 .group         0x0000000000000000        0x8 ./Generated_Code/PE_LDD.o
 .group         0x0000000000000000        0x8 ./Generated_Code/PE_LDD.o
 .text          0x0000000000000000        0x0 ./Generated_Code/PE_LDD.o
 .data          0x0000000000000000        0x0 ./Generated_Code/PE_LDD.o
 .bss           0x0000000000000000        0x0 ./Generated_Code/PE_LDD.o
 .rodata.PE_CpuClockConfigurations
                0x0000000000000000       0x28 ./Generated_Code/PE_LDD.o
 .text.PE_FillMemory
                0x0000000000000000       0x24 ./Generated_Code/PE_LDD.o
 .text.PE_PeripheralUsed
                0x0000000000000000       0x18 ./Generated_Code/PE_LDD.o
 .text.LDD_SetClockConfiguration
                0x0000000000000000       0x14 ./Generated_Code/PE_LDD.o
 .debug_info    0x0000000000000000      0x215 ./Generated_Code/PE_LDD.o
 .debug_abbrev  0x0000000000000000       0xf3 ./Generated_Code/PE_LDD.o
 .debug_aranges
                0x0000000000000000       0x30 ./Generated_Code/PE_LDD.o
 .debug_ranges  0x0000000000000000       0x20 ./Generated_Code/PE_LDD.o
 .debug_macro   0x0000000000000000       0x8f ./Generated_Code/PE_LDD.o
 .debug_macro   0x0000000000000000      0x84a ./Generated_Code/PE_LDD.o
 .debug_macro   0x0000000000000000       0x16 ./Generated_Code/PE_LDD.o
 .debug_macro   0x0000000000000000       0x44 ./Generated_Code/PE_LDD.o
 .debug_macro   0x0000000000000000      0x209 ./Generated_Code/PE_LDD.o
 .debug_macro   0x0000000000000000     0x1656 ./Generated_Code/PE_LDD.o
 .debug_macro   0x0000000000000000      0x14e ./Generated_Code/PE_LDD.o
 .debug_macro   0x0000000000000000       0x6a ./Generated_Code/PE_LDD.o
 .debug_macro   0x0000000000000000     0x9b9f ./Generated_Code/PE_LDD.o
 .debug_macro   0x0000000000000000       0xa0 ./Generated_Code/PE_LDD.o
 .debug_line    0x0000000000000000      0x2fb ./Generated_Code/PE_LDD.o
 .debug_str     0x0000000000000000    0x3ef50 ./Generated_Code/PE_LDD.o
 .comment       0x0000000000000000       0x71 ./Generated_Code/PE_LDD.o
 .ARM.attributes
                0x0000000000000000       0x33 ./Generated_Code/PE_LDD.o
 .debug_frame   0x0000000000000000       0x64 ./Generated_Code/PE_LDD.o
 .group         0x0000000000000000        0x8 ./Generated_Code/Vectors.o
 .group         0x0000000000000000        0x8 ./Generated_Code/Vectors.o
 .group         0x0000000000000000        0x8 ./Generated_Code/Vectors.o
 .group         0x0000000000000000        0x8 ./Generated_Code/Vectors.o
 .group         0x0000000000000000        0x8 ./Generated_Code/Vectors.o
 .group         0x0000000000000000        0x8 ./Generated_Code/Vectors.o
 .group         0x0000000000000000        0x8 ./Generated_Code/Vectors.o
 .group         0x0000000000000000        0x8 ./Generated_Code/Vectors.o
 .group         0x0000000000000000        0x8 ./Generated_Code/Vectors.o
 .text          0x0000000000000000        0x0 ./Generated_Code/Vectors.o
 .data          0x0000000000000000        0x0 ./Generated_Code/Vectors.o
 .bss           0x0000000000000000        0x0 ./Generated_Code/Vectors.o
 .debug_macro   0x0000000000000000      0x84a ./Generated_Code/Vectors.o
 .debug_macro   0x0000000000000000       0x16 ./Generated_Code/Vectors.o
 .debug_macro   0x0000000000000000       0x44 ./Generated_Code/Vectors.o
 .debug_macro   0x0000000000000000      0x209 ./Generated_Code/Vectors.o
 .debug_macro   0x0000000000000000     0x1656 ./Generated_Code/Vectors.o
 .debug_macro   0x0000000000000000      0x14e ./Generated_Code/Vectors.o
 .debug_macro   0x0000000000000000       0x6a ./Generated_Code/Vectors.o
 .debug_macro   0x0000000000000000     0x9b9f ./Generated_Code/Vectors.o
 .debug_macro   0x0000000000000000       0xa0 ./Generated_Code/Vectors.o
 .text          0x0000000000000000        0x0 /Users/gian/Projects/Microcontrollers/ARM/Tools/gcc-arm-none-eabi-4_8-2014q2/bin/../lib/gcc/arm-none-eabi/4.8.4/../../../../arm-none-eabi/lib/armv7e-m/libg.a(lib_a-exit.o)
 .data          0x0000000000000000        0x0 /Users/gian/Projects/Microcontrollers/ARM/Tools/gcc-arm-none-eabi-4_8-2014q2/bin/../lib/gcc/arm-none-eabi/4.8.4/../../../../arm-none-eabi/lib/armv7e-m/libg.a(lib_a-exit.o)
 .bss           0x0000000000000000        0x0 /Users/gian/Projects/Microcontrollers/ARM/Tools/gcc-arm-none-eabi-4_8-2014q2/bin/../lib/gcc/arm-none-eabi/4.8.4/../../../../arm-none-eabi/lib/armv7e-m/libg.a(lib_a-exit.o)
 .text.exit     0x0000000000000000       0x20 /Users/gian/Projects/Microcontrollers/ARM/Tools/gcc-arm-none-eabi-4_8-2014q2/bin/../lib/gcc/arm-none-eabi/4.8.4/../../../../arm-none-eabi/lib/armv7e-m/libg.a(lib_a-exit.o)
 .ARM.attributes
                0x0000000000000000       0x2e /Users/gian/Projects/Microcontrollers/ARM/Tools/gcc-arm-none-eabi-4_8-2014q2/bin/../lib/gcc/arm-none-eabi/4.8.4/../../../../arm-none-eabi/lib/armv7e-m/libg.a(lib_a-exit.o)
 .debug_frame   0x0000000000000000       0x28 /Users/gian/Projects/Microcontrollers/ARM/Tools/gcc-arm-none-eabi-4_8-2014q2/bin/../lib/gcc/arm-none-eabi/4.8.4/../../../../arm-none-eabi/lib/armv7e-m/libg.a(lib_a-exit.o)
 .text          0x0000000000000000        0x0 /Users/gian/Projects/Microcontrollers/ARM/Tools/gcc-arm-none-eabi-4_8-2014q2/bin/../lib/gcc/arm-none-eabi/4.8.4/../../../../arm-none-eabi/lib/armv7e-m/libg.a(lib_a-impure.o)
 .data          0x0000000000000000        0x0 /Users/gian/Projects/Microcontrollers/ARM/Tools/gcc-arm-none-eabi-4_8-2014q2/bin/../lib/gcc/arm-none-eabi/4.8.4/../../../../arm-none-eabi/lib/armv7e-m/libg.a(lib_a-impure.o)
 .bss           0x0000000000000000        0x0 /Users/gian/Projects/Microcontrollers/ARM/Tools/gcc-arm-none-eabi-4_8-2014q2/bin/../lib/gcc/arm-none-eabi/4.8.4/../../../../arm-none-eabi/lib/armv7e-m/libg.a(lib_a-impure.o)
 .data._impure_ptr
                0x0000000000000000        0x4 /Users/gian/Projects/Microcontrollers/ARM/Tools/gcc-arm-none-eabi-4_8-2014q2/bin/../lib/gcc/arm-none-eabi/4.8.4/../../../../arm-none-eabi/lib/armv7e-m/libg.a(lib_a-impure.o)
 .text          0x0000000000000000        0x0 /Users/gian/Projects/Microcontrollers/ARM/Tools/gcc-arm-none-eabi-4_8-2014q2/bin/../lib/gcc/arm-none-eabi/4.8.4/../../../../arm-none-eabi/lib/armv7e-m/libg.a(lib_a-init.o)
 .data          0x0000000000000000        0x0 /Users/gian/Projects/Microcontrollers/ARM/Tools/gcc-arm-none-eabi-4_8-2014q2/bin/../lib/gcc/arm-none-eabi/4.8.4/../../../../arm-none-eabi/lib/armv7e-m/libg.a(lib_a-init.o)
 .bss           0x0000000000000000        0x0 /Users/gian/Projects/Microcontrollers/ARM/Tools/gcc-arm-none-eabi-4_8-2014q2/bin/../lib/gcc/arm-none-eabi/4.8.4/../../../../arm-none-eabi/lib/armv7e-m/libg.a(lib_a-init.o)
 .text.__libc_init_array
                0x0000000000000000       0x50 /Users/gian/Projects/Microcontrollers/ARM/Tools/gcc-arm-none-eabi-4_8-2014q2/bin/../lib/gcc/arm-none-eabi/4.8.4/../../../../arm-none-eabi/lib/armv7e-m/libg.a(lib_a-init.o)
 .ARM.attributes
                0x0000000000000000       0x2e /Users/gian/Projects/Microcontrollers/ARM/Tools/gcc-arm-none-eabi-4_8-2014q2/bin/../lib/gcc/arm-none-eabi/4.8.4/../../../../arm-none-eabi/lib/armv7e-m/libg.a(lib_a-init.o)
 .debug_frame   0x0000000000000000       0x2c /Users/gian/Projects/Microcontrollers/ARM/Tools/gcc-arm-none-eabi-4_8-2014q2/bin/../lib/gcc/arm-none-eabi/4.8.4/../../../../arm-none-eabi/lib/armv7e-m/libg.a(lib_a-init.o)
 .text          0x0000000000000000        0x0 /Users/gian/Projects/Microcontrollers/ARM/Tools/gcc-arm-none-eabi-4_8-2014q2/bin/../lib/gcc/arm-none-eabi/4.8.4/../../../../arm-none-eabi/lib/armv7e-m/libg.a(lib_a-memset.o)
 .data          0x0000000000000000        0x0 /Users/gian/Projects/Microcontrollers/ARM/Tools/gcc-arm-none-eabi-4_8-2014q2/bin/../lib/gcc/arm-none-eabi/4.8.4/../../../../arm-none-eabi/lib/armv7e-m/libg.a(lib_a-memset.o)
 .bss           0x0000000000000000        0x0 /Users/gian/Projects/Microcontrollers/ARM/Tools/gcc-arm-none-eabi-4_8-2014q2/bin/../lib/gcc/arm-none-eabi/4.8.4/../../../../arm-none-eabi/lib/armv7e-m/libg.a(lib_a-memset.o)
 .text.memset   0x0000000000000000       0x94 /Users/gian/Projects/Microcontrollers/ARM/Tools/gcc-arm-none-eabi-4_8-2014q2/bin/../lib/gcc/arm-none-eabi/4.8.4/../../../../arm-none-eabi/lib/armv7e-m/libg.a(lib_a-memset.o)
 .ARM.attributes
                0x0000000000000000       0x2e /Users/gian/Projects/Microcontrollers/ARM/Tools/gcc-arm-none-eabi-4_8-2014q2/bin/../lib/gcc/arm-none-eabi/4.8.4/../../../../arm-none-eabi/lib/armv7e-m/libg.a(lib_a-memset.o)
 .debug_frame   0x0000000000000000       0x2c /Users/gian/Projects/Microcontrollers/ARM/Tools/gcc-arm-none-eabi-4_8-2014q2/bin/../lib/gcc/arm-none-eabi/4.8.4/../../../../arm-none-eabi/lib/armv7e-m/libg.a(lib_a-memset.o)
 .text          0x0000000000000000        0x0 /Users/gian/Projects/Microcontrollers/ARM/Tools/gcc-arm-none-eabi-4_8-2014q2/bin/../lib/gcc/arm-none-eabi/4.8.4/../../../../arm-none-eabi/lib/armv7e-m/libg.a(lib_a-__call_atexit.o)
 .data          0x0000000000000000        0x0 /Users/gian/Projects/Microcontrollers/ARM/Tools/gcc-arm-none-eabi-4_8-2014q2/bin/../lib/gcc/arm-none-eabi/4.8.4/../../../../arm-none-eabi/lib/armv7e-m/libg.a(lib_a-__call_atexit.o)
 .bss           0x0000000000000000        0x0 /Users/gian/Projects/Microcontrollers/ARM/Tools/gcc-arm-none-eabi-4_8-2014q2/bin/../lib/gcc/arm-none-eabi/4.8.4/../../../../arm-none-eabi/lib/armv7e-m/libg.a(lib_a-__call_atexit.o)
 .text.__call_exitprocs
                0x0000000000000000       0xf0 /Users/gian/Projects/Microcontrollers/ARM/Tools/gcc-arm-none-eabi-4_8-2014q2/bin/../lib/gcc/arm-none-eabi/4.8.4/../../../../arm-none-eabi/lib/armv7e-m/libg.a(lib_a-__call_atexit.o)
 .text          0x0000000000000000        0x0 /Users/gian/Projects/Microcontrollers/ARM/Tools/gcc-arm-none-eabi-4_8-2014q2/bin/../lib/gcc/arm-none-eabi/4.8.4/../../../../arm-none-eabi/lib/armv7e-m/libg.a(lib_a-atexit.o)
 .data          0x0000000000000000        0x0 /Users/gian/Projects/Microcontrollers/ARM/Tools/gcc-arm-none-eabi-4_8-2014q2/bin/../lib/gcc/arm-none-eabi/4.8.4/../../../../arm-none-eabi/lib/armv7e-m/libg.a(lib_a-atexit.o)
 .bss           0x0000000000000000        0x0 /Users/gian/Projects/Microcontrollers/ARM/Tools/gcc-arm-none-eabi-4_8-2014q2/bin/../lib/gcc/arm-none-eabi/4.8.4/../../../../arm-none-eabi/lib/armv7e-m/libg.a(lib_a-atexit.o)
 .text          0x0000000000000000        0x0 /Users/gian/Projects/Microcontrollers/ARM/Tools/gcc-arm-none-eabi-4_8-2014q2/bin/../lib/gcc/arm-none-eabi/4.8.4/../../../../arm-none-eabi/lib/armv7e-m/libg.a(lib_a-fini.o)
 .data          0x0000000000000000        0x0 /Users/gian/Projects/Microcontrollers/ARM/Tools/gcc-arm-none-eabi-4_8-2014q2/bin/../lib/gcc/arm-none-eabi/4.8.4/../../../../arm-none-eabi/lib/armv7e-m/libg.a(lib_a-fini.o)
 .bss           0x0000000000000000        0x0 /Users/gian/Projects/Microcontrollers/ARM/Tools/gcc-arm-none-eabi-4_8-2014q2/bin/../lib/gcc/arm-none-eabi/4.8.4/../../../../arm-none-eabi/lib/armv7e-m/libg.a(lib_a-fini.o)
 .text          0x0000000000000000        0x0 /Users/gian/Projects/Microcontrollers/ARM/Tools/gcc-arm-none-eabi-4_8-2014q2/bin/../lib/gcc/arm-none-eabi/4.8.4/../../../../arm-none-eabi/lib/armv7e-m/libg.a(lib_a-__atexit.o)
 .data          0x0000000000000000        0x0 /Users/gian/Projects/Microcontrollers/ARM/Tools/gcc-arm-none-eabi-4_8-2014q2/bin/../lib/gcc/arm-none-eabi/4.8.4/../../../../arm-none-eabi/lib/armv7e-m/libg.a(lib_a-__atexit.o)
 .bss           0x0000000000000000        0x0 /Users/gian/Projects/Microcontrollers/ARM/Tools/gcc-arm-none-eabi-4_8-2014q2/bin/../lib/gcc/arm-none-eabi/4.8.4/../../../../arm-none-eabi/lib/armv7e-m/libg.a(lib_a-__atexit.o)
 .text          0x0000000000000000        0x0 /Users/gian/Projects/Microcontrollers/ARM/Tools/gcc-arm-none-eabi-4_8-2014q2/bin/../lib/gcc/arm-none-eabi/4.8.4/armv7e-m/crtend.o
 .data          0x0000000000000000        0x0 /Users/gian/Projects/Microcontrollers/ARM/Tools/gcc-arm-none-eabi-4_8-2014q2/bin/../lib/gcc/arm-none-eabi/4.8.4/armv7e-m/crtend.o
 .bss           0x0000000000000000        0x0 /Users/gian/Projects/Microcontrollers/ARM/Tools/gcc-arm-none-eabi-4_8-2014q2/bin/../lib/gcc/arm-none-eabi/4.8.4/armv7e-m/crtend.o
 .eh_frame      0x0000000000000000        0x4 /Users/gian/Projects/Microcontrollers/ARM/Tools/gcc-arm-none-eabi-4_8-2014q2/bin/../lib/gcc/arm-none-eabi/4.8.4/armv7e-m/crtend.o
 .jcr           0x0000000000000000        0x4 /Users/gian/Projects/Microcontrollers/ARM/Tools/gcc-arm-none-eabi-4_8-2014q2/bin/../lib/gcc/arm-none-eabi/4.8.4/armv7e-m/crtend.o
 .ARM.attributes
                0x0000000000000000       0x2e /Users/gian/Projects/Microcontrollers/ARM/Tools/gcc-arm-none-eabi-4_8-2014q2/bin/../lib/gcc/arm-none-eabi/4.8.4/armv7e-m/crtend.o
 .text          0x0000000000000000        0x0 /Users/gian/Projects/Microcontrollers/ARM/Tools/gcc-arm-none-eabi-4_8-2014q2/bin/../lib/gcc/arm-none-eabi/4.8.4/armv7e-m/crtn.o
 .data          0x0000000000000000        0x0 /Users/gian/Projects/Microcontrollers/ARM/Tools/gcc-arm-none-eabi-4_8-2014q2/bin/../lib/gcc/arm-none-eabi/4.8.4/armv7e-m/crtn.o
 .bss           0x0000000000000000        0x0 /Users/gian/Projects/Microcontrollers/ARM/Tools/gcc-arm-none-eabi-4_8-2014q2/bin/../lib/gcc/arm-none-eabi/4.8.4/armv7e-m/crtn.o

Memory Configuration

Name             Origin             Length             Attributes
m_interrupts     0x0000000000000000 0x00000000000000f8 xr
m_text           0x0000000000000410 0x000000000000fbf0 xr
m_data           0x000000001fffe000 0x0000000000002000 rw
m_data_20000000  0x0000000020000000 0x0000000000002000 rw
m_cfmprotrom     0x0000000000000400 0x0000000000000010 xr
*default*        0x0000000000000000 0xffffffffffffffff

Linker script and memory map

LOAD /Users/gian/Projects/Microcontrollers/ARM/Tools/gcc-arm-none-eabi-4_8-2014q2/bin/../lib/gcc/arm-none-eabi/4.8.4/armv7e-m/crti.o
LOAD /Users/gian/Projects/Microcontrollers/ARM/Tools/gcc-arm-none-eabi-4_8-2014q2/bin/../lib/gcc/arm-none-eabi/4.8.4/armv7e-m/crtbegin.o
LOAD /Users/gian/Projects/Microcontrollers/ARM/Tools/gcc-arm-none-eabi-4_8-2014q2/bin/../lib/gcc/arm-none-eabi/4.8.4/../../../../arm-none-eabi/lib/armv7e-m/crt0.o
LOAD ./Sources/Events.o
LOAD ./Sources/main.o
LOAD ./Project_Settings/Startup_Code/startup.o
LOAD ./Generated_Code/Cpu.o
LOAD ./Generated_Code/PE_LDD.o
LOAD ./Generated_Code/Vectors.o
LOAD /Users/gian/Projects/Microcontrollers/ARM/Tools/gcc-arm-none-eabi-4_8-2014q2/bin/../lib/gcc/arm-none-eabi/4.8.4/../../../../arm-none-eabi/lib/armv7e-m/libstdc++.a
LOAD /Users/gian/Projects/Microcontrollers/ARM/Tools/gcc-arm-none-eabi-4_8-2014q2/bin/../lib/gcc/arm-none-eabi/4.8.4/../../../../arm-none-eabi/lib/armv7e-m/libm.a
START GROUP
LOAD /Users/gian/Projects/Microcontrollers/ARM/Tools/gcc-arm-none-eabi-4_8-2014q2/bin/../lib/gcc/arm-none-eabi/4.8.4/armv7e-m/libgcc.a
LOAD /Users/gian/Projects/Microcontrollers/ARM/Tools/gcc-arm-none-eabi-4_8-2014q2/bin/../lib/gcc/arm-none-eabi/4.8.4/../../../../arm-none-eabi/lib/armv7e-m/libg.a
LOAD /Users/gian/Projects/Microcontrollers/ARM/Tools/gcc-arm-none-eabi-4_8-2014q2/bin/../lib/gcc/arm-none-eabi/4.8.4/../../../../arm-none-eabi/lib/armv7e-m/libc.a
END GROUP
LOAD /Users/gian/Projects/Microcontrollers/ARM/Tools/gcc-arm-none-eabi-4_8-2014q2/bin/../lib/gcc/arm-none-eabi/4.8.4/armv7e-m/crtend.o
LOAD /Users/gian/Projects/Microcontrollers/ARM/Tools/gcc-arm-none-eabi-4_8-2014q2/bin/../lib/gcc/arm-none-eabi/4.8.4/armv7e-m/crtn.o
                0x0000000020000000                _estack = 0x20000000
                0x0000000020000000                __SP_INIT = _estack
                0x0000000000000000                __heap_size = 0x0
                0x0000000000000400                __stack_size = 0x400

.interrupts     0x0000000000000000       0xf8
                0x0000000000000000                __vector_table = .
                0x0000000000000000                . = ALIGN (0x4)
 *(.vectortable)
 .vectortable   0x0000000000000000       0xf8 ./Generated_Code/Vectors.o
                0x0000000000000000                __vect_table
                0x00000000000000f8                . = ALIGN (0x4)

.cfmprotect     0x0000000000000400       0x10
                0x0000000000000400                . = ALIGN (0x4)
 *(.cfmconfig)
 .cfmconfig     0x0000000000000400       0x10 ./Generated_Code/Cpu.o
                0x0000000000000400                _cfm
                0x0000000000000410                . = ALIGN (0x4)

.text           0x0000000000000410      0x6cc
                0x0000000000000410                . = ALIGN (0x4)
 *(.text)
 .text          0x0000000000000410       0x54 /Users/gian/Projects/Microcontrollers/ARM/Tools/gcc-arm-none-eabi-4_8-2014q2/bin/../lib/gcc/arm-none-eabi/4.8.4/armv7e-m/crtbegin.o
 *(.text*)
 .text.Cpu_OnNMIINT
                0x0000000000000464        0xc ./Sources/Events.o
                0x0000000000000464                Cpu_OnNMIINT
 .text.Cpu_OnHardFault
                0x0000000000000470        0xc ./Sources/Events.o
                0x0000000000000470                Cpu_OnHardFault
 .text.Cpu_OnSupervisorCall
                0x000000000000047c        0xc ./Sources/Events.o
                0x000000000000047c                Cpu_OnSupervisorCall
 .text.main     0x0000000000000488        0xc ./Sources/main.o
                0x0000000000000488                main
 .text.__flush_cache
                0x0000000000000494       0x14 ./Project_Settings/Startup_Code/startup.o
                0x0000000000000494                __flush_cache
 .text.__copy_rom_section
                0x00000000000004a8       0xe4 ./Project_Settings/Startup_Code/startup.o
                0x00000000000004a8                __copy_rom_section
 .text.__copy_rom_sections_to_ram
                0x000000000000058c       0xc4 ./Project_Settings/Startup_Code/startup.o
                0x000000000000058c                __copy_rom_sections_to_ram
 .text.zero_fill_bss
                0x0000000000000650       0xb4 ./Project_Settings/Startup_Code/startup.o
 .text.__init_registers
                0x0000000000000704        0xc ./Project_Settings/Startup_Code/startup.o
                0x0000000000000704                __init_registers
 .text.__init_user
                0x0000000000000710        0xc ./Project_Settings/Startup_Code/startup.o
                0x0000000000000710                __init_user
 .text.__thumb_startup
                0x000000000000071c       0x4c ./Project_Settings/Startup_Code/startup.o
                0x000000000000071c                __thumb_startup
 .text.Cpu_INT_NMIInterrupt
                0x0000000000000768       0x1c ./Generated_Code/Cpu.o
                0x0000000000000768                Cpu_INT_NMIInterrupt
 .text.Cpu_INT_Hard_FaultInterrupt
                0x0000000000000784       0x1c ./Generated_Code/Cpu.o
                0x0000000000000784                Cpu_INT_Hard_FaultInterrupt
 .text.Cpu_INT_SVCallInterrupt
                0x00000000000007a0       0x1c ./Generated_Code/Cpu.o
                0x00000000000007a0                Cpu_INT_SVCallInterrupt
 .text.Cpu_Interrupt
                0x00000000000007bc       0x18 ./Generated_Code/Cpu.o
                0x00000000000007bc                Cpu_Interrupt
 .text.__init_hardware
                0x00000000000007d4      0x11c ./Generated_Code/Cpu.o
                0x00000000000007d4                __init_hardware
 .text.Cpu_SetBASEPRI
                0x00000000000008f0       0x18 ./Generated_Code/Cpu.o
                0x00000000000008f0                Cpu_SetBASEPRI
 .text.PE_low_level_init
                0x0000000000000908       0xbc ./Generated_Code/Cpu.o
                0x0000000000000908                PE_low_level_init
 .text.startup.register_fini
                0x00000000000009c4       0x14 /Users/gian/Projects/Microcontrollers/ARM/Tools/gcc-arm-none-eabi-4_8-2014q2/bin/../lib/gcc/arm-none-eabi/4.8.4/../../../../arm-none-eabi/lib/armv7e-m/libg.a(lib_a-__call_atexit.o)
 .text.atexit   0x00000000000009d8        0xc /Users/gian/Projects/Microcontrollers/ARM/Tools/gcc-arm-none-eabi-4_8-2014q2/bin/../lib/gcc/arm-none-eabi/4.8.4/../../../../arm-none-eabi/lib/armv7e-m/libg.a(lib_a-atexit.o)
                0x00000000000009d8                atexit
 .text.__libc_fini_array
                0x00000000000009e4       0x30 /Users/gian/Projects/Microcontrollers/ARM/Tools/gcc-arm-none-eabi-4_8-2014q2/bin/../lib/gcc/arm-none-eabi/4.8.4/../../../../arm-none-eabi/lib/armv7e-m/libg.a(lib_a-fini.o)
                0x00000000000009e4                __libc_fini_array
 .text.__register_exitproc
                0x0000000000000a14       0xa8 /Users/gian/Projects/Microcontrollers/ARM/Tools/gcc-arm-none-eabi-4_8-2014q2/bin/../lib/gcc/arm-none-eabi/4.8.4/../../../../arm-none-eabi/lib/armv7e-m/libg.a(lib_a-__atexit.o)
                0x0000000000000a14                __register_exitproc
 *(.rodata)
 *(.rodata*)
 .rodata.str1.4
                0x0000000000000abc        0x4 /Users/gian/Projects/Microcontrollers/ARM/Tools/gcc-arm-none-eabi-4_8-2014q2/bin/../lib/gcc/arm-none-eabi/4.8.4/../../../../arm-none-eabi/lib/armv7e-m/libg.a(lib_a-impure.o)
 .rodata._global_impure_ptr
                0x0000000000000ac0        0x4 /Users/gian/Projects/Microcontrollers/ARM/Tools/gcc-arm-none-eabi-4_8-2014q2/bin/../lib/gcc/arm-none-eabi/4.8.4/../../../../arm-none-eabi/lib/armv7e-m/libg.a(lib_a-impure.o)
                0x0000000000000ac0                _global_impure_ptr
 *(.glue_7)
 .glue_7        0x0000000000000000        0x0 linker stubs
 *(.glue_7t)
 .glue_7t       0x0000000000000000        0x0 linker stubs
 *(.eh_frame)
 .eh_frame      0x0000000000000ac4        0x0 /Users/gian/Projects/Microcontrollers/ARM/Tools/gcc-arm-none-eabi-4_8-2014q2/bin/../lib/gcc/arm-none-eabi/4.8.4/armv7e-m/crtbegin.o
 *(.init)
 .init          0x0000000000000ac4        0x4 /Users/gian/Projects/Microcontrollers/ARM/Tools/gcc-arm-none-eabi-4_8-2014q2/bin/../lib/gcc/arm-none-eabi/4.8.4/armv7e-m/crti.o
                0x0000000000000ac4                _init
 .init          0x0000000000000ac8        0x8 /Users/gian/Projects/Microcontrollers/ARM/Tools/gcc-arm-none-eabi-4_8-2014q2/bin/../lib/gcc/arm-none-eabi/4.8.4/armv7e-m/crtn.o
 *(.fini)
 .fini          0x0000000000000ad0        0x4 /Users/gian/Projects/Microcontrollers/ARM/Tools/gcc-arm-none-eabi-4_8-2014q2/bin/../lib/gcc/arm-none-eabi/4.8.4/armv7e-m/crti.o
                0x0000000000000ad0                _fini
 .fini          0x0000000000000ad4        0x8 /Users/gian/Projects/Microcontrollers/ARM/Tools/gcc-arm-none-eabi-4_8-2014q2/bin/../lib/gcc/arm-none-eabi/4.8.4/armv7e-m/crtn.o
                0x0000000000000adc                . = ALIGN (0x4)
                0x0000000000000adc                _etext = .

.vfp11_veneer   0x0000000000000adc        0x0
 .vfp11_veneer  0x0000000000000000        0x0 linker stubs

.v4_bx          0x0000000000000adc        0x0
 .v4_bx         0x0000000000000000        0x0 linker stubs

.iplt           0x0000000000000adc        0x0
 .iplt          0x0000000000000000        0x0 /Users/gian/Projects/Microcontrollers/ARM/Tools/gcc-arm-none-eabi-4_8-2014q2/bin/../lib/gcc/arm-none-eabi/4.8.4/armv7e-m/crtbegin.o

.rel.dyn        0x0000000000000adc        0x0
 .rel.iplt      0x0000000000000000        0x0 /Users/gian/Projects/Microcontrollers/ARM/Tools/gcc-arm-none-eabi-4_8-2014q2/bin/../lib/gcc/arm-none-eabi/4.8.4/armv7e-m/crtbegin.o

.ARM.extab
 *(.ARM.extab* .gnu.linkonce.armextab.*)

.ARM            0x0000000000000adc        0x0
                0x0000000000000adc                __exidx_start = .
 *(.ARM.exidx*)
                0x0000000000000adc                __exidx_end = .

.ctors          0x0000000000000adc        0x0
                0x0000000000000adc                __CTOR_LIST__ = .
 *crtbegin.o(.ctors)
 *(EXCLUDE_FILE(*crtend.o) .ctors)
 *(SORT(.ctors.*))
 *(.ctors)
                0x0000000000000adc                __CTOR_END__ = .

.dtors          0x0000000000000adc        0x0
                0x0000000000000adc                __DTOR_LIST__ = .
 *crtbegin.o(.dtors)
 *(EXCLUDE_FILE(*crtend.o) .dtors)
 *(SORT(.dtors.*))
 *(.dtors)
                0x0000000000000adc                __DTOR_END__ = .

.preinit_array  0x0000000000000adc        0x0
                0x0000000000000adc                PROVIDE (__preinit_array_start, .)
 *(.preinit_array*)
                0x0000000000000adc                PROVIDE (__preinit_array_end, .)

.init_array     0x0000000000000adc        0x8
                0x0000000000000adc                PROVIDE (__init_array_start, .)
 *(SORT(.init_array.*))
 .init_array.00000
                0x0000000000000adc        0x4 /Users/gian/Projects/Microcontrollers/ARM/Tools/gcc-arm-none-eabi-4_8-2014q2/bin/../lib/gcc/arm-none-eabi/4.8.4/../../../../arm-none-eabi/lib/armv7e-m/libg.a(lib_a-__call_atexit.o)
 *(.init_array*)
 .init_array    0x0000000000000ae0        0x4 /Users/gian/Projects/Microcontrollers/ARM/Tools/gcc-arm-none-eabi-4_8-2014q2/bin/../lib/gcc/arm-none-eabi/4.8.4/armv7e-m/crtbegin.o
                0x0000000000000ae4                PROVIDE (__init_array_end, .)

.fini_array     0x0000000000000ae4        0x4
                0x0000000000000ae4                PROVIDE (__fini_array_start, .)
 *(SORT(.fini_array.*))
 *(.fini_array*)
 .fini_array    0x0000000000000ae4        0x4 /Users/gian/Projects/Microcontrollers/ARM/Tools/gcc-arm-none-eabi-4_8-2014q2/bin/../lib/gcc/arm-none-eabi/4.8.4/armv7e-m/crtbegin.o
                0x0000000000000ae8                PROVIDE (__fini_array_end, .)
                0x0000000000000ae8                ___ROM_AT = .

.data           0x000000001fffe000      0x428 load address 0x0000000000000ae8
                0x000000001fffe000                . = ALIGN (0x4)
                0x000000001fffe000                _sdata = .
 *(.data)
 *(.data*)
 .data.impure_data
                0x000000001fffe000      0x428 /Users/gian/Projects/Microcontrollers/ARM/Tools/gcc-arm-none-eabi-4_8-2014q2/bin/../lib/gcc/arm-none-eabi/4.8.4/../../../../arm-none-eabi/lib/armv7e-m/libg.a(lib_a-impure.o)
                0x000000001fffe428                . = ALIGN (0x4)
                0x000000001fffe428                _edata = .
                0x0000000000000428                ___data_size = (_edata - _sdata)
                0x0000000000000f10                ___m_data_20000000_ROMStart = (___ROM_AT + SIZEOF (.data))

.jcr            0x000000001fffe428        0x0 load address 0x0000000000000f10
 .jcr           0x000000001fffe428        0x0 /Users/gian/Projects/Microcontrollers/ARM/Tools/gcc-arm-none-eabi-4_8-2014q2/bin/../lib/gcc/arm-none-eabi/4.8.4/armv7e-m/crtbegin.o

.igot.plt       0x000000001fffe428        0x0 load address 0x0000000000000f10
 .igot.plt      0x0000000000000000        0x0 /Users/gian/Projects/Microcontrollers/ARM/Tools/gcc-arm-none-eabi-4_8-2014q2/bin/../lib/gcc/arm-none-eabi/4.8.4/armv7e-m/crtbegin.o

.m_data_20000000
                0x0000000020000000        0x0 load address 0x0000000000000f10
                0x0000000020000000                . = ALIGN (0x4)
                0x0000000020000000                ___m_data_20000000_RAMStart = .
 *(.m_data_20000000)
                0x0000000020000000                ___m_data_20000000_RAMEnd = .
                0x0000000020000000                . = ALIGN (0x4)
                0x0000000000000000                ___m_data_20000000_ROMSize = (___m_data_20000000_RAMEnd - ___m_data_20000000_RAMStart)
                0x0000000020000000                . = ALIGN (0x4)

.bss            0x000000001fffe428       0x44 load address 0x0000000000000f10
                0x000000001fffe428                __START_BSS = .
                0x000000001fffe428                PROVIDE (__bss_start__, __START_BSS)
 *(.bss)
 .bss           0x000000001fffe428       0x1c /Users/gian/Projects/Microcontrollers/ARM/Tools/gcc-arm-none-eabi-4_8-2014q2/bin/../lib/gcc/arm-none-eabi/4.8.4/armv7e-m/crtbegin.o
 *(.bss*)
 .bss.argv      0x000000001fffe444       0x28 ./Project_Settings/Startup_Code/startup.o
 *(COMMON)
                0x000000001fffe46c                . = ALIGN (0x4)
                0x000000001fffe46c                __END_BSS = .
                0x000000001fffe46c                PROVIDE (__bss_end__, __END_BSS)
                0x0000000000000f10                _romp_at = ((___ROM_AT + SIZEOF (.data)) + SIZEOF (.m_data_20000000))

.romp           0x000000001fffe46c       0x24 load address 0x0000000000000f10
                0x0000000000000f10                __S_romp = _romp_at
                0x000000001fffe46c        0x4 LONG 0xae8 ___ROM_AT
                0x000000001fffe470        0x4 LONG 0x1fffe000 _sdata
                0x000000001fffe474        0x4 LONG 0x428 ___data_size
                0x000000001fffe478        0x4 LONG 0xf10 ___m_data_20000000_ROMStart
                0x000000001fffe47c        0x4 LONG 0x20000000 ___m_data_20000000_RAMStart
                0x000000001fffe480        0x4 LONG 0x0 ___m_data_20000000_ROMSize
                0x000000001fffe484        0x4 LONG 0x0
                0x000000001fffe488        0x4 LONG 0x0
                0x000000001fffe48c        0x4 LONG 0x0

._user_heap_stack
                0x000000001fffe490      0x400 load address 0x0000000000000f34
                0x000000001fffe490                . = ALIGN (0x4)
                0x000000001fffe490                PROVIDE (end, .)
                0x000000001fffe490                PROVIDE (_end, .)
                0x000000001fffe490                __heap_addr = .
                0x000000001fffe490                . = (. + __heap_size)
                0x000000001fffe890                . = (. + __stack_size)
 *fill*         0x000000001fffe490      0x400 
                0x000000001fffe890                . = ALIGN (0x4)

.ARM.attributes
                0x0000000000000000       0x2a
 *(.ARM.attributes)
 .ARM.attributes
                0x0000000000000000       0x1e /Users/gian/Projects/Microcontrollers/ARM/Tools/gcc-arm-none-eabi-4_8-2014q2/bin/../lib/gcc/arm-none-eabi/4.8.4/armv7e-m/crti.o
 .ARM.attributes
                0x000000000000001e       0x2e /Users/gian/Projects/Microcontrollers/ARM/Tools/gcc-arm-none-eabi-4_8-2014q2/bin/../lib/gcc/arm-none-eabi/4.8.4/armv7e-m/crtbegin.o
 .ARM.attributes
                0x000000000000004c       0x33 ./Sources/Events.o
 .ARM.attributes
                0x000000000000007f       0x33 ./Sources/main.o
 .ARM.attributes
                0x00000000000000b2       0x33 ./Project_Settings/Startup_Code/startup.o
 .ARM.attributes
                0x00000000000000e5       0x33 ./Generated_Code/Cpu.o
 .ARM.attributes
                0x0000000000000118       0x33 ./Generated_Code/Vectors.o
 .ARM.attributes
                0x000000000000014b       0x2e /Users/gian/Projects/Microcontrollers/ARM/Tools/gcc-arm-none-eabi-4_8-2014q2/bin/../lib/gcc/arm-none-eabi/4.8.4/../../../../arm-none-eabi/lib/armv7e-m/libg.a(lib_a-impure.o)
 .ARM.attributes
                0x0000000000000179       0x2e /Users/gian/Projects/Microcontrollers/ARM/Tools/gcc-arm-none-eabi-4_8-2014q2/bin/../lib/gcc/arm-none-eabi/4.8.4/../../../../arm-none-eabi/lib/armv7e-m/libg.a(lib_a-__call_atexit.o)
 .ARM.attributes
                0x00000000000001a7       0x2e /Users/gian/Projects/Microcontrollers/ARM/Tools/gcc-arm-none-eabi-4_8-2014q2/bin/../lib/gcc/arm-none-eabi/4.8.4/../../../../arm-none-eabi/lib/armv7e-m/libg.a(lib_a-atexit.o)
 .ARM.attributes
                0x00000000000001d5       0x2e /Users/gian/Projects/Microcontrollers/ARM/Tools/gcc-arm-none-eabi-4_8-2014q2/bin/../lib/gcc/arm-none-eabi/4.8.4/../../../../arm-none-eabi/lib/armv7e-m/libg.a(lib_a-fini.o)
 .ARM.attributes
                0x0000000000000203       0x2e /Users/gian/Projects/Microcontrollers/ARM/Tools/gcc-arm-none-eabi-4_8-2014q2/bin/../lib/gcc/arm-none-eabi/4.8.4/../../../../arm-none-eabi/lib/armv7e-m/libg.a(lib_a-__atexit.o)
 .ARM.attributes
                0x0000000000000231       0x1e /Users/gian/Projects/Microcontrollers/ARM/Tools/gcc-arm-none-eabi-4_8-2014q2/bin/../lib/gcc/arm-none-eabi/4.8.4/armv7e-m/crtn.o
OUTPUT(BasePEForMarco.elf elf32-littlearm)

.debug_info     0x0000000000000000      0xf6b
 .debug_info    0x0000000000000000       0xb8 ./Sources/Events.o
 .debug_info    0x00000000000000b8       0x9a ./Sources/main.o
 .debug_info    0x0000000000000152      0x308 ./Project_Settings/Startup_Code/startup.o
 .debug_info    0x000000000000045a      0xa03 ./Generated_Code/Cpu.o
 .debug_info    0x0000000000000e5d      0x10e ./Generated_Code/Vectors.o

.debug_abbrev   0x0000000000000000      0x401
 .debug_abbrev  0x0000000000000000       0x45 ./Sources/Events.o
 .debug_abbrev  0x0000000000000045       0x47 ./Sources/main.o
 .debug_abbrev  0x000000000000008c      0x148 ./Project_Settings/Startup_Code/startup.o
 .debug_abbrev  0x00000000000001d4      0x189 ./Generated_Code/Cpu.o
 .debug_abbrev  0x000000000000035d       0xa4 ./Generated_Code/Vectors.o

.debug_aranges  0x0000000000000000      0x118
 .debug_aranges
                0x0000000000000000       0x30 ./Sources/Events.o
 .debug_aranges
                0x0000000000000030       0x20 ./Sources/main.o
 .debug_aranges
                0x0000000000000050       0x60 ./Project_Settings/Startup_Code/startup.o
 .debug_aranges
                0x00000000000000b0       0x50 ./Generated_Code/Cpu.o
 .debug_aranges
                0x0000000000000100       0x18 ./Generated_Code/Vectors.o

.debug_ranges   0x0000000000000000       0xc0
 .debug_ranges  0x0000000000000000       0x20 ./Sources/Events.o
 .debug_ranges  0x0000000000000020       0x10 ./Sources/main.o
 .debug_ranges  0x0000000000000030       0x50 ./Project_Settings/Startup_Code/startup.o
 .debug_ranges  0x0000000000000080       0x40 ./Generated_Code/Cpu.o

.debug_macro    0x0000000000000000     0xcb46
 .debug_macro   0x0000000000000000       0x9f ./Sources/Events.o
 .debug_macro   0x000000000000009f      0x84a ./Sources/Events.o
 .debug_macro   0x00000000000008e9       0x16 ./Sources/Events.o
 .debug_macro   0x00000000000008ff       0x44 ./Sources/Events.o
 .debug_macro   0x0000000000000943      0x209 ./Sources/Events.o
 .debug_macro   0x0000000000000b4c     0x1656 ./Sources/Events.o
 .debug_macro   0x00000000000021a2      0x14e ./Sources/Events.o
 .debug_macro   0x00000000000022f0       0x6a ./Sources/Events.o
 .debug_macro   0x000000000000235a     0x9b9f ./Sources/Events.o
 .debug_macro   0x000000000000bef9       0xa0 ./Sources/Events.o
 .debug_macro   0x000000000000bf99       0x9f ./Sources/main.o
 .debug_macro   0x000000000000c038      0x102 ./Project_Settings/Startup_Code/startup.o
 .debug_macro   0x000000000000c13a       0x58 ./Project_Settings/Startup_Code/startup.o
 .debug_macro   0x000000000000c192       0x35 ./Project_Settings/Startup_Code/startup.o
 .debug_macro   0x000000000000c1c7       0xa3 ./Project_Settings/Startup_Code/startup.o
 .debug_macro   0x000000000000c26a      0x166 ./Project_Settings/Startup_Code/startup.o
 .debug_macro   0x000000000000c3d0       0x4a ./Project_Settings/Startup_Code/startup.o
 .debug_macro   0x000000000000c41a       0x52 ./Project_Settings/Startup_Code/startup.o
 .debug_macro   0x000000000000c46c       0x16 ./Project_Settings/Startup_Code/startup.o
 .debug_macro   0x000000000000c482       0x43 ./Project_Settings/Startup_Code/startup.o
 .debug_macro   0x000000000000c4c5      0x180 ./Project_Settings/Startup_Code/startup.o
 .debug_macro   0x000000000000c645      0x2a6 ./Project_Settings/Startup_Code/startup.o
 .debug_macro   0x000000000000c8eb       0x10 ./Project_Settings/Startup_Code/startup.o
 .debug_macro   0x000000000000c8fb       0x35 ./Project_Settings/Startup_Code/startup.o
 .debug_macro   0x000000000000c930       0x16 ./Project_Settings/Startup_Code/startup.o
 .debug_macro   0x000000000000c946       0x22 ./Project_Settings/Startup_Code/startup.o
 .debug_macro   0x000000000000c968       0x99 ./Generated_Code/Cpu.o
 .debug_macro   0x000000000000ca01       0xa6 ./Generated_Code/Cpu.o
 .debug_macro   0x000000000000caa7       0x9f ./Generated_Code/Vectors.o

.debug_line     0x0000000000000000     0x126f
 .debug_line    0x0000000000000000      0x339 ./Sources/Events.o
 .debug_line    0x0000000000000339      0x31c ./Sources/main.o
 .debug_line    0x0000000000000655      0x458 ./Project_Settings/Startup_Code/startup.o
 .debug_line    0x0000000000000aad      0x434 ./Generated_Code/Cpu.o
 .debug_line    0x0000000000000ee1      0x38e ./Generated_Code/Vectors.o

.debug_str      0x0000000000000000    0x41727
 .debug_str     0x0000000000000000    0x3eca3 ./Sources/Events.o
                                      0x3eded (size before relaxing)
 .debug_str     0x000000000003eca3       0x17 ./Sources/main.o
                                      0x3edbe (size before relaxing)
 .debug_str     0x000000000003ecba     0x2669 ./Project_Settings/Startup_Code/startup.o
                                       0x4cea (size before relaxing)
 .debug_str     0x0000000000041323      0x3e8 ./Generated_Code/Cpu.o
                                      0x3f1b9 (size before relaxing)
 .debug_str     0x000000000004170b       0x1c ./Generated_Code/Vectors.o
                                      0x3ee10 (size before relaxing)

.comment        0x0000000000000000       0x70
 .comment       0x0000000000000000       0x70 ./Sources/Events.o
                                         0x71 (size before relaxing)
 .comment       0x0000000000000000       0x71 ./Sources/main.o
 .comment       0x0000000000000000       0x71 ./Project_Settings/Startup_Code/startup.o
 .comment       0x0000000000000000       0x71 ./Generated_Code/Cpu.o
 .comment       0x0000000000000000       0x71 ./Generated_Code/Vectors.o

.debug_frame    0x0000000000000000      0x33c
 .debug_frame   0x0000000000000000       0x58 ./Sources/Events.o
 .debug_frame   0x0000000000000058       0x2c ./Sources/main.o
 .debug_frame   0x0000000000000084      0x108 ./Project_Settings/Startup_Code/startup.o
 .debug_frame   0x000000000000018c       0xec ./Generated_Code/Cpu.o
 .debug_frame   0x0000000000000278       0x48 /Users/gian/Projects/Microcontrollers/ARM/Tools/gcc-arm-none-eabi-4_8-2014q2/bin/../lib/gcc/arm-none-eabi/4.8.4/../../../../arm-none-eabi/lib/armv7e-m/libg.a(lib_a-__call_atexit.o)
 .debug_frame   0x00000000000002c0       0x20 /Users/gian/Projects/Microcontrollers/ARM/Tools/gcc-arm-none-eabi-4_8-2014q2/bin/../lib/gcc/arm-none-eabi/4.8.4/../../../../arm-none-eabi/lib/armv7e-m/libg.a(lib_a-atexit.o)
 .debug_frame   0x00000000000002e0       0x2c /Users/gian/Projects/Microcontrollers/ARM/Tools/gcc-arm-none-eabi-4_8-2014q2/bin/../lib/gcc/arm-none-eabi/4.8.4/../../../../arm-none-eabi/lib/armv7e-m/libg.a(lib_a-fini.o)
 .debug_frame   0x000000000000030c       0x30 /Users/gian/Projects/Microcontrollers/ARM/Tools/gcc-arm-none-eabi-4_8-2014q2/bin/../lib/gcc/arm-none-eabi/4.8.4/../../../../arm-none-eabi/lib/armv7e-m/libg.a(lib_a-__atexit.o)
