Archive member included because of file (symbol)

/Users/gian/Projects/Microcontrollers/ARM/Tools/gcc-arm-none-eabi-4_8-2014q2/bin/../lib/gcc/arm-none-eabi/4.8.4/armv7e-m/libgcc.a(_aeabi_ldivmod.o)
                              ./Sources/Drivers/MS5611Driver.o (__aeabi_ldivmod)
/Users/gian/Projects/Microcontrollers/ARM/Tools/gcc-arm-none-eabi-4_8-2014q2/bin/../lib/gcc/arm-none-eabi/4.8.4/armv7e-m/libgcc.a(bpabi.o)
                              /Users/gian/Projects/Microcontrollers/ARM/Tools/gcc-arm-none-eabi-4_8-2014q2/bin/../lib/gcc/arm-none-eabi/4.8.4/armv7e-m/libgcc.a(_aeabi_ldivmod.o) (__gnu_ldivmod_helper)
/Users/gian/Projects/Microcontrollers/ARM/Tools/gcc-arm-none-eabi-4_8-2014q2/bin/../lib/gcc/arm-none-eabi/4.8.4/armv7e-m/libgcc.a(_dvmd_tls.o)
                              /Users/gian/Projects/Microcontrollers/ARM/Tools/gcc-arm-none-eabi-4_8-2014q2/bin/../lib/gcc/arm-none-eabi/4.8.4/armv7e-m/libgcc.a(_aeabi_ldivmod.o) (__aeabi_ldiv0)
/Users/gian/Projects/Microcontrollers/ARM/Tools/gcc-arm-none-eabi-4_8-2014q2/bin/../lib/gcc/arm-none-eabi/4.8.4/armv7e-m/libgcc.a(_divdi3.o)
                              /Users/gian/Projects/Microcontrollers/ARM/Tools/gcc-arm-none-eabi-4_8-2014q2/bin/../lib/gcc/arm-none-eabi/4.8.4/armv7e-m/libgcc.a(bpabi.o) (__divdi3)
/Users/gian/Projects/Microcontrollers/ARM/Tools/gcc-arm-none-eabi-4_8-2014q2/bin/../lib/gcc/arm-none-eabi/4.8.4/armv7e-m/libgcc.a(_udivdi3.o)
                              /Users/gian/Projects/Microcontrollers/ARM/Tools/gcc-arm-none-eabi-4_8-2014q2/bin/../lib/gcc/arm-none-eabi/4.8.4/armv7e-m/libgcc.a(bpabi.o) (__udivdi3)
/Users/gian/Projects/Microcontrollers/ARM/Tools/gcc-arm-none-eabi-4_8-2014q2/bin/../lib/gcc/arm-none-eabi/4.8.4/../../../../arm-none-eabi/lib/armv7e-m/libg.a(lib_a-exit.o)
                              /Users/gian/Projects/Microcontrollers/ARM/Tools/gcc-arm-none-eabi-4_8-2014q2/bin/../lib/gcc/arm-none-eabi/4.8.4/../../../../arm-none-eabi/lib/armv7e-m/crt0.o (exit)
/Users/gian/Projects/Microcontrollers/ARM/Tools/gcc-arm-none-eabi-4_8-2014q2/bin/../lib/gcc/arm-none-eabi/4.8.4/../../../../arm-none-eabi/lib/armv7e-m/libg.a(lib_a-impure.o)
                              /Users/gian/Projects/Microcontrollers/ARM/Tools/gcc-arm-none-eabi-4_8-2014q2/bin/../lib/gcc/arm-none-eabi/4.8.4/../../../../arm-none-eabi/lib/armv7e-m/libg.a(lib_a-exit.o) (_global_impure_ptr)
/Users/gian/Projects/Microcontrollers/ARM/Tools/gcc-arm-none-eabi-4_8-2014q2/bin/../lib/gcc/arm-none-eabi/4.8.4/../../../../arm-none-eabi/lib/armv7e-m/libg.a(lib_a-init.o)
                              /Users/gian/Projects/Microcontrollers/ARM/Tools/gcc-arm-none-eabi-4_8-2014q2/bin/../lib/gcc/arm-none-eabi/4.8.4/../../../../arm-none-eabi/lib/armv7e-m/crt0.o (__libc_init_array)
/Users/gian/Projects/Microcontrollers/ARM/Tools/gcc-arm-none-eabi-4_8-2014q2/bin/../lib/gcc/arm-none-eabi/4.8.4/../../../../arm-none-eabi/lib/armv7e-m/libg.a(lib_a-memcpy.o)
                              ./Sources/FreeRTOS/Source/queue.o (memcpy)
/Users/gian/Projects/Microcontrollers/ARM/Tools/gcc-arm-none-eabi-4_8-2014q2/bin/../lib/gcc/arm-none-eabi/4.8.4/../../../../arm-none-eabi/lib/armv7e-m/libg.a(lib_a-memset.o)
                              /Users/gian/Projects/Microcontrollers/ARM/Tools/gcc-arm-none-eabi-4_8-2014q2/bin/../lib/gcc/arm-none-eabi/4.8.4/../../../../arm-none-eabi/lib/armv7e-m/crt0.o (memset)
/Users/gian/Projects/Microcontrollers/ARM/Tools/gcc-arm-none-eabi-4_8-2014q2/bin/../lib/gcc/arm-none-eabi/4.8.4/../../../../arm-none-eabi/lib/armv7e-m/libg.a(lib_a-__call_atexit.o)
                              /Users/gian/Projects/Microcontrollers/ARM/Tools/gcc-arm-none-eabi-4_8-2014q2/bin/../lib/gcc/arm-none-eabi/4.8.4/../../../../arm-none-eabi/lib/armv7e-m/libg.a(lib_a-exit.o) (__call_exitprocs)
/Users/gian/Projects/Microcontrollers/ARM/Tools/gcc-arm-none-eabi-4_8-2014q2/bin/../lib/gcc/arm-none-eabi/4.8.4/../../../../arm-none-eabi/lib/armv7e-m/libg.a(lib_a-atexit.o)
                              /Users/gian/Projects/Microcontrollers/ARM/Tools/gcc-arm-none-eabi-4_8-2014q2/bin/../lib/gcc/arm-none-eabi/4.8.4/../../../../arm-none-eabi/lib/armv7e-m/libg.a(lib_a-__call_atexit.o) (atexit)
/Users/gian/Projects/Microcontrollers/ARM/Tools/gcc-arm-none-eabi-4_8-2014q2/bin/../lib/gcc/arm-none-eabi/4.8.4/../../../../arm-none-eabi/lib/armv7e-m/libg.a(lib_a-fini.o)
                              /Users/gian/Projects/Microcontrollers/ARM/Tools/gcc-arm-none-eabi-4_8-2014q2/bin/../lib/gcc/arm-none-eabi/4.8.4/../../../../arm-none-eabi/lib/armv7e-m/libg.a(lib_a-__call_atexit.o) (__libc_fini_array)
/Users/gian/Projects/Microcontrollers/ARM/Tools/gcc-arm-none-eabi-4_8-2014q2/bin/../lib/gcc/arm-none-eabi/4.8.4/../../../../arm-none-eabi/lib/armv7e-m/libg.a(lib_a-__atexit.o)
                              /Users/gian/Projects/Microcontrollers/ARM/Tools/gcc-arm-none-eabi-4_8-2014q2/bin/../lib/gcc/arm-none-eabi/4.8.4/../../../../arm-none-eabi/lib/armv7e-m/libg.a(lib_a-atexit.o) (__register_exitproc)

Allocating common symbols
[...]
Memory Configuration

Name             Origin             Length             Attributes
m_interrupts     0x0000000000000000 0x00000000000000f8 xr
m_text           0x0000000000000410 0x000000000000fbf0 xr
m_data           0x000000001fffe000 0x0000000000002000 rw
m_data_20000000  0x0000000020000000 0x0000000000002000 rw
m_cfmprotrom     0x0000000000000400 0x0000000000000010 xr
*default*        0x0000000000000000 0xffffffffffffffff

Linker script and memory map

LOAD /Users/gian/Projects/Microcontrollers/ARM/Tools/gcc-arm-none-eabi-4_8-2014q2/bin/../lib/gcc/arm-none-eabi/4.8.4/armv7e-m/crti.o
LOAD /Users/gian/Projects/Microcontrollers/ARM/Tools/gcc-arm-none-eabi-4_8-2014q2/bin/../lib/gcc/arm-none-eabi/4.8.4/armv7e-m/crtbegin.o
LOAD /Users/gian/Projects/Microcontrollers/ARM/Tools/gcc-arm-none-eabi-4_8-2014q2/bin/../lib/gcc/arm-none-eabi/4.8.4/../../../../arm-none-eabi/lib/armv7e-m/crt0.o
LOAD ./Sources/FreeRTOS/Source/portable/MemMang/heap_2.o
LOAD ./Sources/FreeRTOS/Source/portable/GCC/ARM_CM3/port.o
LOAD ./Sources/FreeRTOS/Source/croutine.o
LOAD ./Sources/FreeRTOS/Source/event_groups.o
LOAD ./Sources/FreeRTOS/Source/list.o
LOAD ./Sources/FreeRTOS/Source/queue.o
LOAD ./Sources/FreeRTOS/Source/tasks.o
LOAD ./Sources/FreeRTOS/Source/timers.o
LOAD ./Sources/Drivers/MS5611Driver.o
LOAD ./Sources/Events.o
LOAD ./Sources/main.o
LOAD ./Project_Settings/Startup_Code/startup.o
LOAD ./Generated_Code/AS0.o
LOAD ./Generated_Code/AS1.o
LOAD ./Generated_Code/ASerialLdd1.o
LOAD ./Generated_Code/ASerialLdd2.o
LOAD ./Generated_Code/CI2C0.o
LOAD ./Generated_Code/Cpu.o
LOAD ./Generated_Code/IntI2cLdd1.o
LOAD ./Generated_Code/PE_LDD.o
LOAD ./Generated_Code/SM1.o
LOAD ./Generated_Code/SMasterLdd1.o
LOAD ./Generated_Code/Vectors.o
LOAD /Users/gian/Projects/Microcontrollers/ARM/Tools/gcc-arm-none-eabi-4_8-2014q2/bin/../lib/gcc/arm-none-eabi/4.8.4/../../../../arm-none-eabi/lib/armv7e-m/libstdc++.a
LOAD /Users/gian/Projects/Microcontrollers/ARM/Tools/gcc-arm-none-eabi-4_8-2014q2/bin/../lib/gcc/arm-none-eabi/4.8.4/../../../../arm-none-eabi/lib/armv7e-m/libm.a
START GROUP
LOAD /Users/gian/Projects/Microcontrollers/ARM/Tools/gcc-arm-none-eabi-4_8-2014q2/bin/../lib/gcc/arm-none-eabi/4.8.4/armv7e-m/libgcc.a
LOAD /Users/gian/Projects/Microcontrollers/ARM/Tools/gcc-arm-none-eabi-4_8-2014q2/bin/../lib/gcc/arm-none-eabi/4.8.4/../../../../arm-none-eabi/lib/armv7e-m/libg.a
LOAD /Users/gian/Projects/Microcontrollers/ARM/Tools/gcc-arm-none-eabi-4_8-2014q2/bin/../lib/gcc/arm-none-eabi/4.8.4/../../../../arm-none-eabi/lib/armv7e-m/libc.a
END GROUP
LOAD /Users/gian/Projects/Microcontrollers/ARM/Tools/gcc-arm-none-eabi-4_8-2014q2/bin/../lib/gcc/arm-none-eabi/4.8.4/armv7e-m/crtend.o
LOAD /Users/gian/Projects/Microcontrollers/ARM/Tools/gcc-arm-none-eabi-4_8-2014q2/bin/../lib/gcc/arm-none-eabi/4.8.4/armv7e-m/crtn.o
                0x0000000020000000                _estack = 0x20000000
                0x0000000020000000                __SP_INIT = _estack
                0x0000000000000000                __heap_size = 0x0
                0x0000000000000400                __stack_size = 0x400

.interrupts     0x0000000000000000       0xf8
                0x0000000000000000                __vector_table = .
                0x0000000000000000                . = ALIGN (0x4)
 *(.vectortable)
 .vectortable   0x0000000000000000       0xf8 ./Generated_Code/Vectors.o
                0x0000000000000000                __vect_table
                0x00000000000000f8                . = ALIGN (0x4)

.cfmprotect     0x0000000000000400       0x10
                0x0000000000000400                . = ALIGN (0x4)
 *(.cfmconfig)
 .cfmconfig     0x0000000000000400       0x10 ./Generated_Code/Cpu.o
                0x0000000000000400                _cfm
                0x0000000000000410                . = ALIGN (0x4)

.text           0x0000000000000410     0x5254
                0x0000000000000410                . = ALIGN (0x4)
 *(.text)
 .text          0x0000000000000410       0x54 /Users/gian/Projects/Microcontrollers/ARM/Tools/gcc-arm-none-eabi-4_8-2014q2/bin/../lib/gcc/arm-none-eabi/4.8.4/armv7e-m/crtbegin.o
 .text          0x0000000000000464       0x38 /Users/gian/Projects/Microcontrollers/ARM/Tools/gcc-arm-none-eabi-4_8-2014q2/bin/../lib/gcc/arm-none-eabi/4.8.4/armv7e-m/libgcc.a(_aeabi_ldivmod.o)
                0x0000000000000464                __aeabi_ldivmod
 .text          0x000000000000049c       0x60 /Users/gian/Projects/Microcontrollers/ARM/Tools/gcc-arm-none-eabi-4_8-2014q2/bin/../lib/gcc/arm-none-eabi/4.8.4/armv7e-m/libgcc.a(bpabi.o)
                0x000000000000049c                __gnu_ldivmod_helper
                0x00000000000004cc                __gnu_uldivmod_helper
 .text          0x00000000000004fc        0x4 /Users/gian/Projects/Microcontrollers/ARM/Tools/gcc-arm-none-eabi-4_8-2014q2/bin/../lib/gcc/arm-none-eabi/4.8.4/armv7e-m/libgcc.a(_dvmd_tls.o)
                0x00000000000004fc                __aeabi_ldiv0
                0x00000000000004fc                __aeabi_idiv0
 .text          0x0000000000000500      0x298 /Users/gian/Projects/Microcontrollers/ARM/Tools/gcc-arm-none-eabi-4_8-2014q2/bin/../lib/gcc/arm-none-eabi/4.8.4/armv7e-m/libgcc.a(_divdi3.o)
                0x0000000000000500                __divdi3
 .text          0x0000000000000798      0x284 /Users/gian/Projects/Microcontrollers/ARM/Tools/gcc-arm-none-eabi-4_8-2014q2/bin/../lib/gcc/arm-none-eabi/4.8.4/armv7e-m/libgcc.a(_udivdi3.o)
                0x0000000000000798                __udivdi3
 .text          0x0000000000000a1c      0x134 /Users/gian/Projects/Microcontrollers/ARM/Tools/gcc-arm-none-eabi-4_8-2014q2/bin/../lib/gcc/arm-none-eabi/4.8.4/../../../../arm-none-eabi/lib/armv7e-m/libg.a(lib_a-memcpy.o)
                0x0000000000000a1c                memcpy
 *(.text*)
 .text.pvPortMalloc
                0x0000000000000b50      0x118 ./Sources/FreeRTOS/Source/portable/MemMang/heap_2.o
                0x0000000000000b50                pvPortMalloc
 .text.vPortFree
                0x0000000000000c68       0x70 ./Sources/FreeRTOS/Source/portable/MemMang/heap_2.o
                0x0000000000000c68                vPortFree
 .text.prvHeapInit
                0x0000000000000cd8       0x50 ./Sources/FreeRTOS/Source/portable/MemMang/heap_2.o
 .text.pxPortInitialiseStack
                0x0000000000000d28       0x58 ./Sources/FreeRTOS/Source/portable/GCC/ARM_CM3/port.o
                0x0000000000000d28                pxPortInitialiseStack
 .text.prvTaskExitError
                0x0000000000000d80       0x1c ./Sources/FreeRTOS/Source/portable/GCC/ARM_CM3/port.o
 .text.vPortSVCHandler
                0x0000000000000d9c       0x24 ./Sources/FreeRTOS/Source/portable/GCC/ARM_CM3/port.o
                0x0000000000000d9c                vPortSVCHandler
 .text.prvPortStartFirstTask
                0x0000000000000dc0       0x20 ./Sources/FreeRTOS/Source/portable/GCC/ARM_CM3/port.o
 .text.xPortStartScheduler
                0x0000000000000de0       0xbc ./Sources/FreeRTOS/Source/portable/GCC/ARM_CM3/port.o
                0x0000000000000de0                xPortStartScheduler
 .text.vPortYield
                0x0000000000000e9c       0x20 ./Sources/FreeRTOS/Source/portable/GCC/ARM_CM3/port.o
                0x0000000000000e9c                vPortYield
 .text.vPortEnterCritical
                0x0000000000000ebc       0x3c ./Sources/FreeRTOS/Source/portable/GCC/ARM_CM3/port.o
                0x0000000000000ebc                vPortEnterCritical
 .text.vPortExitCritical
                0x0000000000000ef8       0x30 ./Sources/FreeRTOS/Source/portable/GCC/ARM_CM3/port.o
                0x0000000000000ef8                vPortExitCritical
 .text.ulPortSetInterruptMask
                0x0000000000000f28       0x14 ./Sources/FreeRTOS/Source/portable/GCC/ARM_CM3/port.o
                0x0000000000000f28                ulPortSetInterruptMask
 .text.vPortClearInterruptMask
                0x0000000000000f3c        0x8 ./Sources/FreeRTOS/Source/portable/GCC/ARM_CM3/port.o
                0x0000000000000f3c                vPortClearInterruptMask
 .text.xPortPendSVHandler
                0x0000000000000f44       0x44 ./Sources/FreeRTOS/Source/portable/GCC/ARM_CM3/port.o
                0x0000000000000f44                xPortPendSVHandler
 .text.xPortSysTickHandler
                0x0000000000000f88       0x28 ./Sources/FreeRTOS/Source/portable/GCC/ARM_CM3/port.o
                0x0000000000000f88                xPortSysTickHandler
 .text.vPortSetupTimerInterrupt
                0x0000000000000fb0       0x24 ./Sources/FreeRTOS/Source/portable/GCC/ARM_CM3/port.o
                0x0000000000000fb0                vPortSetupTimerInterrupt
 .text.vListInitialise
                0x0000000000000fd4       0x40 ./Sources/FreeRTOS/Source/list.o
                0x0000000000000fd4                vListInitialise
 .text.vListInitialiseItem
                0x0000000000001014       0x18 ./Sources/FreeRTOS/Source/list.o
                0x0000000000001014                vListInitialiseItem
 .text.vListInsertEnd
                0x000000000000102c       0x48 ./Sources/FreeRTOS/Source/list.o
                0x000000000000102c                vListInsertEnd
 .text.vListInsert
                0x0000000000001074       0x70 ./Sources/FreeRTOS/Source/list.o
                0x0000000000001074                vListInsert
 .text.uxListRemove
                0x00000000000010e4       0x54 ./Sources/FreeRTOS/Source/list.o
                0x00000000000010e4                uxListRemove
 .text.xQueueGenericReset
                0x0000000000001138       0xb0 ./Sources/FreeRTOS/Source/queue.o
                0x0000000000001138                xQueueGenericReset
 .text.xQueueGenericCreate
                0x00000000000011e8       0x7c ./Sources/FreeRTOS/Source/queue.o
                0x00000000000011e8                xQueueGenericCreate
 .text.xQueueCreateCountingSemaphore
                0x0000000000001264       0x4c ./Sources/FreeRTOS/Source/queue.o
                0x0000000000001264                xQueueCreateCountingSemaphore
 .text.xQueueGenericSend
                0x00000000000012b0      0x184 ./Sources/FreeRTOS/Source/queue.o
                0x00000000000012b0                xQueueGenericSend
 .text.xQueueGenericSendFromISR
                0x0000000000001434       0xdc ./Sources/FreeRTOS/Source/queue.o
                0x0000000000001434                xQueueGenericSendFromISR
 .text.xQueueGenericReceive
                0x0000000000001510      0x1b4 ./Sources/FreeRTOS/Source/queue.o
                0x0000000000001510                xQueueGenericReceive
 .text.prvCopyDataToQueue
                0x00000000000016c4       0xdc ./Sources/FreeRTOS/Source/queue.o
 .text.prvCopyDataFromQueue
                0x00000000000017a0       0x4c ./Sources/FreeRTOS/Source/queue.o
 .text.prvUnlockQueue
                0x00000000000017ec       0x98 ./Sources/FreeRTOS/Source/queue.o
 .text.prvIsQueueEmpty
                0x0000000000001884       0x2c ./Sources/FreeRTOS/Source/queue.o
 .text.prvIsQueueFull
                0x00000000000018b0       0x30 ./Sources/FreeRTOS/Source/queue.o
 .text.vQueueWaitForMessageRestricted
                0x00000000000018e0       0x58 ./Sources/FreeRTOS/Source/queue.o
                0x00000000000018e0                vQueueWaitForMessageRestricted
 .text.xTaskGenericCreate
                0x0000000000001938      0x158 ./Sources/FreeRTOS/Source/tasks.o
                0x0000000000001938                xTaskGenericCreate
 .text.vTaskDelay
                0x0000000000001a90       0x84 ./Sources/FreeRTOS/Source/tasks.o
                0x0000000000001a90                vTaskDelay
 .text.vTaskStartScheduler
                0x0000000000001b14       0x6c ./Sources/FreeRTOS/Source/tasks.o
                0x0000000000001b14                vTaskStartScheduler
 .text.vTaskSuspendAll
                0x0000000000001b80       0x1c ./Sources/FreeRTOS/Source/tasks.o
                0x0000000000001b80                vTaskSuspendAll
 .text.xTaskResumeAll
                0x0000000000001b9c      0x108 ./Sources/FreeRTOS/Source/tasks.o
                0x0000000000001b9c                xTaskResumeAll
 .text.xTaskGetTickCount
                0x0000000000001ca4       0x24 ./Sources/FreeRTOS/Source/tasks.o
                0x0000000000001ca4                xTaskGetTickCount
 .text.xTaskIncrementTick
                0x0000000000001cc8      0x16c ./Sources/FreeRTOS/Source/tasks.o
                0x0000000000001cc8                xTaskIncrementTick
 .text.vTaskSwitchContext
                0x0000000000001e34       0xa0 ./Sources/FreeRTOS/Source/tasks.o
                0x0000000000001e34                vTaskSwitchContext
 .text.vTaskPlaceOnEventList
                0x0000000000001ed4       0x8c ./Sources/FreeRTOS/Source/tasks.o
                0x0000000000001ed4                vTaskPlaceOnEventList
 .text.vTaskPlaceOnEventListRestricted
                0x0000000000001f60       0x70 ./Sources/FreeRTOS/Source/tasks.o
                0x0000000000001f60                vTaskPlaceOnEventListRestricted
 .text.xTaskRemoveFromEventList
                0x0000000000001fd0       0xb4 ./Sources/FreeRTOS/Source/tasks.o
                0x0000000000001fd0                xTaskRemoveFromEventList
 .text.vTaskSetTimeOutState
                0x0000000000002084       0x30 ./Sources/FreeRTOS/Source/tasks.o
                0x0000000000002084                vTaskSetTimeOutState
 .text.xTaskCheckForTimeOut
                0x00000000000020b4       0x9c ./Sources/FreeRTOS/Source/tasks.o
                0x00000000000020b4                xTaskCheckForTimeOut
 .text.vTaskMissedYield
                0x0000000000002150       0x18 ./Sources/FreeRTOS/Source/tasks.o
                0x0000000000002150                vTaskMissedYield
 .text.prvIdleTask
                0x0000000000002168       0x20 ./Sources/FreeRTOS/Source/tasks.o
 .text.prvInitialiseTCBVariables
                0x0000000000002188       0x94 ./Sources/FreeRTOS/Source/tasks.o
 .text.prvInitialiseTaskLists
                0x000000000000221c       0x7c ./Sources/FreeRTOS/Source/tasks.o
 .text.prvCheckTasksWaitingTermination
                0x0000000000002298       0x74 ./Sources/FreeRTOS/Source/tasks.o
 .text.prvAddCurrentTaskToDelayedList
                0x000000000000230c       0x6c ./Sources/FreeRTOS/Source/tasks.o
 .text.prvAllocateTCBAndStack
                0x0000000000002378       0x64 ./Sources/FreeRTOS/Source/tasks.o
 .text.prvDeleteTCB
                0x00000000000023dc       0x20 ./Sources/FreeRTOS/Source/tasks.o
 .text.prvResetNextTaskUnblockTime
                0x00000000000023fc       0x48 ./Sources/FreeRTOS/Source/tasks.o
 .text.xTaskGetSchedulerState
                0x0000000000002444       0x3c ./Sources/FreeRTOS/Source/tasks.o
                0x0000000000002444                xTaskGetSchedulerState
 .text.vTaskPriorityInherit
                0x0000000000002480       0xec ./Sources/FreeRTOS/Source/tasks.o
                0x0000000000002480                vTaskPriorityInherit
 .text.xTaskPriorityDisinherit
                0x000000000000256c       0xd4 ./Sources/FreeRTOS/Source/tasks.o
                0x000000000000256c                xTaskPriorityDisinherit
 .text.pvTaskIncrementMutexHeldCount
                0x0000000000002640       0x28 ./Sources/FreeRTOS/Source/tasks.o
                0x0000000000002640                pvTaskIncrementMutexHeldCount
 .text.xTimerCreateTimerTask
                0x0000000000002668       0x54 ./Sources/FreeRTOS/Source/timers.o
                0x0000000000002668                xTimerCreateTimerTask
 .text.xTimerGenericCommand
                0x00000000000026bc       0x8c ./Sources/FreeRTOS/Source/timers.o
                0x00000000000026bc                xTimerGenericCommand
 .text.prvProcessExpiredTimer
                0x0000000000002748       0x70 ./Sources/FreeRTOS/Source/timers.o
 .text.prvTimerTask
                0x00000000000027b8       0x24 ./Sources/FreeRTOS/Source/timers.o
 .text.prvProcessTimerOrBlockTask
                0x00000000000027dc       0x6c ./Sources/FreeRTOS/Source/timers.o
 .text.prvGetNextExpireTime
                0x0000000000002848       0x48 ./Sources/FreeRTOS/Source/timers.o
 .text.prvSampleTimeNow
                0x0000000000002890       0x40 ./Sources/FreeRTOS/Source/timers.o
 .text.prvInsertTimerInActiveList
                0x00000000000028d0       0x84 ./Sources/FreeRTOS/Source/timers.o
 .text.prvProcessReceivedCommands
                0x0000000000002954      0x10c ./Sources/FreeRTOS/Source/timers.o
 .text.prvSwitchTimerLists
                0x0000000000002a60       0xb0 ./Sources/FreeRTOS/Source/timers.o
 .text.prvCheckForValidListAndQueue
                0x0000000000002b10       0x60 ./Sources/FreeRTOS/Source/timers.o
 .text.ms5611Init
                0x0000000000002b70       0x80 ./Sources/Drivers/MS5611Driver.o
                0x0000000000002b70                ms5611Init
 .text.ms5611GetEprom
                0x0000000000002bf0       0x14 ./Sources/Drivers/MS5611Driver.o
                0x0000000000002bf0                ms5611GetEprom
 .text.ms5611ReadRawTemperature
                0x0000000000002c04       0x84 ./Sources/Drivers/MS5611Driver.o
                0x0000000000002c04                ms5611ReadRawTemperature
 .text.ms5611ReadTemperature
                0x0000000000002c88       0x60 ./Sources/Drivers/MS5611Driver.o
                0x0000000000002c88                ms5611ReadTemperature
 .text.ms5611ReadRawPressure
                0x0000000000002ce8       0x74 ./Sources/Drivers/MS5611Driver.o
                0x0000000000002ce8                ms5611ReadRawPressure
 .text.ms5611ReadPressure
                0x0000000000002d5c      0x100 ./Sources/Drivers/MS5611Driver.o
                0x0000000000002d5c                ms5611ReadPressure
 .text.Cpu_OnNMIINT
                0x0000000000002e5c        0xc ./Sources/Events.o
                0x0000000000002e5c                Cpu_OnNMIINT
 .text.Cpu_OnHardFault
                0x0000000000002e68        0xc ./Sources/Events.o
                0x0000000000002e68                Cpu_OnHardFault
 .text.AS1_OnError
                0x0000000000002e74        0xc ./Sources/Events.o
                0x0000000000002e74                AS1_OnError
 .text.AS1_OnTxChar
                0x0000000000002e80        0xc ./Sources/Events.o
                0x0000000000002e80                AS1_OnTxChar
 .text.AS1_OnFullRxBuf
                0x0000000000002e8c        0xc ./Sources/Events.o
                0x0000000000002e8c                AS1_OnFullRxBuf
 .text.AS1_OnFreeTxBuf
                0x0000000000002e98        0xc ./Sources/Events.o
                0x0000000000002e98                AS1_OnFreeTxBuf
 .text.CI2C0_OnReceiveData
                0x0000000000002ea4        0xc ./Sources/Events.o
                0x0000000000002ea4                CI2C0_OnReceiveData
 .text.CI2C0_OnTransmitData
                0x0000000000002eb0        0xc ./Sources/Events.o
                0x0000000000002eb0                CI2C0_OnTransmitData
 .text.SM1_OnRxChar
                0x0000000000002ebc        0xc ./Sources/Events.o
                0x0000000000002ebc                SM1_OnRxChar
 .text.SM1_OnTxChar
                0x0000000000002ec8        0xc ./Sources/Events.o
                0x0000000000002ec8                SM1_OnTxChar
 .text.SM1_OnError
                0x0000000000002ed4        0xc ./Sources/Events.o
                0x0000000000002ed4                SM1_OnError
 .text.AS0_OnError
                0x0000000000002ee0        0xc ./Sources/Events.o
                0x0000000000002ee0                AS0_OnError
 .text.AS0_OnTxChar
                0x0000000000002eec        0xc ./Sources/Events.o
                0x0000000000002eec                AS0_OnTxChar
 .text.AS0_OnFullRxBuf
                0x0000000000002ef8        0xc ./Sources/Events.o
                0x0000000000002ef8                AS0_OnFullRxBuf
 .text.AS0_OnFreeTxBuf
                0x0000000000002f04        0xc ./Sources/Events.o
                0x0000000000002f04                AS0_OnFreeTxBuf
 .text.vAssertCalled
                0x0000000000002f10       0x10 ./Sources/main.o
                0x0000000000002f10                vAssertCalled
 .text.I2CTestTask
                0x0000000000002f20       0x48 ./Sources/main.o
                0x0000000000002f20                I2CTestTask
 .text.main     0x0000000000002f68       0x34 ./Sources/main.o
                0x0000000000002f68                main
 .text.__flush_cache
                0x0000000000002f9c       0x14 ./Project_Settings/Startup_Code/startup.o
                0x0000000000002f9c                __flush_cache
 .text.__copy_rom_section
                0x0000000000002fb0       0xe4 ./Project_Settings/Startup_Code/startup.o
                0x0000000000002fb0                __copy_rom_section
 .text.__copy_rom_sections_to_ram
                0x0000000000003094       0xc4 ./Project_Settings/Startup_Code/startup.o
                0x0000000000003094                __copy_rom_sections_to_ram
 .text.zero_fill_bss
                0x0000000000003158       0xb4 ./Project_Settings/Startup_Code/startup.o
 .text.__init_registers
                0x000000000000320c        0xc ./Project_Settings/Startup_Code/startup.o
                0x000000000000320c                __init_registers
 .text.__init_user
                0x0000000000003218        0xc ./Project_Settings/Startup_Code/startup.o
                0x0000000000003218                __init_user
 .text.__thumb_startup
                0x0000000000003224       0x4c ./Project_Settings/Startup_Code/startup.o
                0x0000000000003224                __thumb_startup
 .text.HWEnDi   0x0000000000003270       0x1c ./Generated_Code/AS0.o
 .text.AS0_SendBlock
                0x000000000000328c      0x13c ./Generated_Code/AS0.o
                0x000000000000328c                AS0_SendBlock
 .text.AS0_Init
                0x00000000000033c8       0x60 ./Generated_Code/AS0.o
                0x00000000000033c8                AS0_Init
 .text.ASerialLdd2_OnBlockReceived
                0x0000000000003428       0xd4 ./Generated_Code/AS0.o
                0x0000000000003428                ASerialLdd2_OnBlockReceived
 .text.ASerialLdd2_OnBlockSent
                0x00000000000034fc       0xd0 ./Generated_Code/AS0.o
                0x00000000000034fc                ASerialLdd2_OnBlockSent
 .text.ASerialLdd2_OnError
                0x00000000000035cc       0x9c ./Generated_Code/AS0.o
                0x00000000000035cc                ASerialLdd2_OnError
 .text.ASerialLdd2_OnBreak
                0x0000000000003668       0x24 ./Generated_Code/AS0.o
                0x0000000000003668                ASerialLdd2_OnBreak
 .text.HWEnDi   0x000000000000368c       0x1c ./Generated_Code/AS1.o
 .text.AS1_Init
                0x00000000000036a8       0x60 ./Generated_Code/AS1.o
                0x00000000000036a8                AS1_Init
 .text.ASerialLdd1_OnBlockReceived
                0x0000000000003708       0xd4 ./Generated_Code/AS1.o
                0x0000000000003708                ASerialLdd1_OnBlockReceived
 .text.ASerialLdd1_OnBlockSent
                0x00000000000037dc       0xd0 ./Generated_Code/AS1.o
                0x00000000000037dc                ASerialLdd1_OnBlockSent
 .text.ASerialLdd1_OnError
                0x00000000000038ac       0x9c ./Generated_Code/AS1.o
                0x00000000000038ac                ASerialLdd1_OnError
 .text.ASerialLdd1_OnBreak
                0x0000000000003948       0x24 ./Generated_Code/AS1.o
                0x0000000000003948                ASerialLdd1_OnBreak
 .text.ASerialLdd1_Init
                0x000000000000396c      0x1c0 ./Generated_Code/ASerialLdd1.o
                0x000000000000396c                ASerialLdd1_Init
 .text.ASerialLdd1_ReceiveBlock
                0x0000000000003b2c       0x90 ./Generated_Code/ASerialLdd1.o
                0x0000000000003b2c                ASerialLdd1_ReceiveBlock
 .text.ASerialLdd1_SendBlock
                0x0000000000003bbc       0xbc ./Generated_Code/ASerialLdd1.o
                0x0000000000003bbc                ASerialLdd1_SendBlock
 .text.uart1InterruptRx
                0x0000000000003c78       0x58 ./Generated_Code/ASerialLdd1.o
 .text.uart1InterruptTx
                0x0000000000003cd0       0x80 ./Generated_Code/ASerialLdd1.o
 .text.ASerialLdd1_Interrupt
                0x0000000000003d50      0x108 ./Generated_Code/ASerialLdd1.o
                0x0000000000003d50                ASerialLdd1_Interrupt
 .text.ASerialLdd1_GetError
                0x0000000000003e58       0x70 ./Generated_Code/ASerialLdd1.o
                0x0000000000003e58                ASerialLdd1_GetError
 .text.ASerialLdd2_Init
                0x0000000000003ec8      0x1c0 ./Generated_Code/ASerialLdd2.o
                0x0000000000003ec8                ASerialLdd2_Init
 .text.ASerialLdd2_ReceiveBlock
                0x0000000000004088       0x90 ./Generated_Code/ASerialLdd2.o
                0x0000000000004088                ASerialLdd2_ReceiveBlock
 .text.ASerialLdd2_SendBlock
                0x0000000000004118       0xbc ./Generated_Code/ASerialLdd2.o
                0x0000000000004118                ASerialLdd2_SendBlock
 .text.uart0InterruptRx
                0x00000000000041d4       0x58 ./Generated_Code/ASerialLdd2.o
 .text.uart0InterruptTx
                0x000000000000422c       0x80 ./Generated_Code/ASerialLdd2.o
 .text.ASerialLdd2_Interrupt
                0x00000000000042ac      0x108 ./Generated_Code/ASerialLdd2.o
                0x00000000000042ac                ASerialLdd2_Interrupt
 .text.ASerialLdd2_GetError
                0x00000000000043b4       0x70 ./Generated_Code/ASerialLdd2.o
                0x00000000000043b4                ASerialLdd2_GetError
 .text.CI2C0_SendBlockSynch
                0x0000000000004424       0xe4 ./Generated_Code/CI2C0.o
                0x0000000000004424                CI2C0_SendBlockSynch
 .text.CI2C0_RecvBlockSynch
                0x0000000000004508       0xdc ./Generated_Code/CI2C0.o
                0x0000000000004508                CI2C0_RecvBlockSynch
 .text.CI2C0_SelectSlave
                0x00000000000045e4       0x34 ./Generated_Code/CI2C0.o
                0x00000000000045e4                CI2C0_SelectSlave
 .text.CI2C0_Init
                0x0000000000004618       0x34 ./Generated_Code/CI2C0.o
                0x0000000000004618                CI2C0_Init
 .text.IntI2cLdd1_OnMasterBlockSent
                0x000000000000464c       0x3c ./Generated_Code/CI2C0.o
                0x000000000000464c                IntI2cLdd1_OnMasterBlockSent
 .text.IntI2cLdd1_OnMasterBlockReceived
                0x0000000000004688       0x3c ./Generated_Code/CI2C0.o
                0x0000000000004688                IntI2cLdd1_OnMasterBlockReceived
 .text.Cpu_INT_NMIInterrupt
                0x00000000000046c4       0x1c ./Generated_Code/Cpu.o
                0x00000000000046c4                Cpu_INT_NMIInterrupt
 .text.Cpu_INT_Hard_FaultInterrupt
                0x00000000000046e0       0x1c ./Generated_Code/Cpu.o
                0x00000000000046e0                Cpu_INT_Hard_FaultInterrupt
 .text.Cpu_Interrupt
                0x00000000000046fc       0x18 ./Generated_Code/Cpu.o
                0x00000000000046fc                Cpu_Interrupt
 .text.__init_hardware
                0x0000000000004714      0x114 ./Generated_Code/Cpu.o
                0x0000000000004714                __init_hardware
 .text.Cpu_SetBASEPRI
                0x0000000000004828       0x18 ./Generated_Code/Cpu.o
                0x0000000000004828                Cpu_SetBASEPRI
 .text.PE_low_level_init
                0x0000000000004840       0xcc ./Generated_Code/Cpu.o
                0x0000000000004840                PE_low_level_init
 .text.IntI2cLdd1_Interrupt
                0x000000000000490c      0x2a4 ./Generated_Code/IntI2cLdd1.o
                0x000000000000490c                IntI2cLdd1_Interrupt
 .text.IntI2cLdd1_Init
                0x0000000000004bb0      0x138 ./Generated_Code/IntI2cLdd1.o
                0x0000000000004bb0                IntI2cLdd1_Init
 .text.IntI2cLdd1_MasterSendBlock
                0x0000000000004ce8      0x190 ./Generated_Code/IntI2cLdd1.o
                0x0000000000004ce8                IntI2cLdd1_MasterSendBlock
 .text.IntI2cLdd1_MasterReceiveBlock
                0x0000000000004e78      0x190 ./Generated_Code/IntI2cLdd1.o
                0x0000000000004e78                IntI2cLdd1_MasterReceiveBlock
 .text.IntI2cLdd1_SelectSlaveDevice
                0x0000000000005008       0xf0 ./Generated_Code/IntI2cLdd1.o
                0x0000000000005008                IntI2cLdd1_SelectSlaveDevice
 .text.SM1_Init
                0x00000000000050f8       0x3c ./Generated_Code/SM1.o
                0x00000000000050f8                SM1_Init
 .text.SMasterLdd1_OnBlockReceived
                0x0000000000005134       0x80 ./Generated_Code/SM1.o
                0x0000000000005134                SMasterLdd1_OnBlockReceived
 .text.SMasterLdd1_OnBlockSent
                0x00000000000051b4       0x24 ./Generated_Code/SM1.o
                0x00000000000051b4                SMasterLdd1_OnBlockSent
 .text.SMasterLdd1_Init
                0x00000000000051d8      0x120 ./Generated_Code/SMasterLdd1.o
                0x00000000000051d8                SMasterLdd1_Init
 .text.SMasterLdd1_ReceiveBlock
                0x00000000000052f8       0x80 ./Generated_Code/SMasterLdd1.o
                0x00000000000052f8                SMasterLdd1_ReceiveBlock
 .text.SMasterLdd1_Interrupt
                0x0000000000005378      0x10c ./Generated_Code/SMasterLdd1.o
                0x0000000000005378                SMasterLdd1_Interrupt
 .text.memset   0x0000000000005484       0x94 /Users/gian/Projects/Microcontrollers/ARM/Tools/gcc-arm-none-eabi-4_8-2014q2/bin/../lib/gcc/arm-none-eabi/4.8.4/../../../../arm-none-eabi/lib/armv7e-m/libg.a(lib_a-memset.o)
                0x0000000000005484                memset
 .text.startup.register_fini
                0x0000000000005518       0x14 /Users/gian/Projects/Microcontrollers/ARM/Tools/gcc-arm-none-eabi-4_8-2014q2/bin/../lib/gcc/arm-none-eabi/4.8.4/../../../../arm-none-eabi/lib/armv7e-m/libg.a(lib_a-__call_atexit.o)
 .text.atexit   0x000000000000552c        0xc /Users/gian/Projects/Microcontrollers/ARM/Tools/gcc-arm-none-eabi-4_8-2014q2/bin/../lib/gcc/arm-none-eabi/4.8.4/../../../../arm-none-eabi/lib/armv7e-m/libg.a(lib_a-atexit.o)
                0x000000000000552c                atexit
 .text.__libc_fini_array
                0x0000000000005538       0x30 /Users/gian/Projects/Microcontrollers/ARM/Tools/gcc-arm-none-eabi-4_8-2014q2/bin/../lib/gcc/arm-none-eabi/4.8.4/../../../../arm-none-eabi/lib/armv7e-m/libg.a(lib_a-fini.o)
                0x0000000000005538                __libc_fini_array
 .text.__register_exitproc
                0x0000000000005568       0xa8 /Users/gian/Projects/Microcontrollers/ARM/Tools/gcc-arm-none-eabi-4_8-2014q2/bin/../lib/gcc/arm-none-eabi/4.8.4/../../../../arm-none-eabi/lib/armv7e-m/libg.a(lib_a-__atexit.o)
                0x0000000000005568                __register_exitproc
 *(.rodata)
 .rodata        0x0000000000005610        0x8 ./Sources/FreeRTOS/Source/tasks.o
 .rodata        0x0000000000005618        0x8 ./Sources/FreeRTOS/Source/timers.o
 .rodata        0x0000000000005620       0x24 ./Sources/main.o
 *(.rodata*)
 .rodata.str1.4
                0x0000000000005644        0x4 /Users/gian/Projects/Microcontrollers/ARM/Tools/gcc-arm-none-eabi-4_8-2014q2/bin/../lib/gcc/arm-none-eabi/4.8.4/../../../../arm-none-eabi/lib/armv7e-m/libg.a(lib_a-impure.o)
 .rodata._global_impure_ptr
                0x0000000000005648        0x4 /Users/gian/Projects/Microcontrollers/ARM/Tools/gcc-arm-none-eabi-4_8-2014q2/bin/../lib/gcc/arm-none-eabi/4.8.4/../../../../arm-none-eabi/lib/armv7e-m/libg.a(lib_a-impure.o)
                0x0000000000005648                _global_impure_ptr
 *(.glue_7)
 .glue_7        0x0000000000000000        0x0 linker stubs
 *(.glue_7t)
 .glue_7t       0x0000000000000000        0x0 linker stubs
 *(.eh_frame)
 .eh_frame      0x000000000000564c        0x0 /Users/gian/Projects/Microcontrollers/ARM/Tools/gcc-arm-none-eabi-4_8-2014q2/bin/../lib/gcc/arm-none-eabi/4.8.4/armv7e-m/crtbegin.o
 *(.init)
 .init          0x000000000000564c        0x4 /Users/gian/Projects/Microcontrollers/ARM/Tools/gcc-arm-none-eabi-4_8-2014q2/bin/../lib/gcc/arm-none-eabi/4.8.4/armv7e-m/crti.o
                0x000000000000564c                _init
 .init          0x0000000000005650        0x8 /Users/gian/Projects/Microcontrollers/ARM/Tools/gcc-arm-none-eabi-4_8-2014q2/bin/../lib/gcc/arm-none-eabi/4.8.4/armv7e-m/crtn.o
 *(.fini)
 .fini          0x0000000000005658        0x4 /Users/gian/Projects/Microcontrollers/ARM/Tools/gcc-arm-none-eabi-4_8-2014q2/bin/../lib/gcc/arm-none-eabi/4.8.4/armv7e-m/crti.o
                0x0000000000005658                _fini
 .fini          0x000000000000565c        0x8 /Users/gian/Projects/Microcontrollers/ARM/Tools/gcc-arm-none-eabi-4_8-2014q2/bin/../lib/gcc/arm-none-eabi/4.8.4/armv7e-m/crtn.o
                0x0000000000005664                . = ALIGN (0x4)
                0x0000000000005664                _etext = .

.vfp11_veneer   0x0000000000005664        0x0
 .vfp11_veneer  0x0000000000000000        0x0 linker stubs

.v4_bx          0x0000000000005664        0x0
 .v4_bx         0x0000000000000000        0x0 linker stubs

.iplt           0x0000000000005664        0x0
 .iplt          0x0000000000000000        0x0 /Users/gian/Projects/Microcontrollers/ARM/Tools/gcc-arm-none-eabi-4_8-2014q2/bin/../lib/gcc/arm-none-eabi/4.8.4/armv7e-m/crtbegin.o

.ARM.extab
 *(.ARM.extab* .gnu.linkonce.armextab.*)

.ARM            0x0000000000005664        0x8
                0x0000000000005664                __exidx_start = .
 *(.ARM.exidx*)
 .ARM.exidx     0x0000000000005664        0x8 /Users/gian/Projects/Microcontrollers/ARM/Tools/gcc-arm-none-eabi-4_8-2014q2/bin/../lib/gcc/arm-none-eabi/4.8.4/armv7e-m/libgcc.a(_divdi3.o)
 .ARM.exidx     0x000000000000566c        0x0 /Users/gian/Projects/Microcontrollers/ARM/Tools/gcc-arm-none-eabi-4_8-2014q2/bin/../lib/gcc/arm-none-eabi/4.8.4/armv7e-m/libgcc.a(_udivdi3.o)
                                          0x8 (size before relaxing)
                0x000000000000566c                __exidx_end = .

.rel.dyn        0x000000000000566c        0x0
 .rel.iplt      0x0000000000000000        0x0 /Users/gian/Projects/Microcontrollers/ARM/Tools/gcc-arm-none-eabi-4_8-2014q2/bin/../lib/gcc/arm-none-eabi/4.8.4/armv7e-m/crtbegin.o

.ctors          0x000000000000566c        0x0
                0x000000000000566c                __CTOR_LIST__ = .
 *crtbegin.o(.ctors)
 *(EXCLUDE_FILE(*crtend.o) .ctors)
 *(SORT(.ctors.*))
 *(.ctors)
                0x000000000000566c                __CTOR_END__ = .

.dtors          0x000000000000566c        0x0
                0x000000000000566c                __DTOR_LIST__ = .
 *crtbegin.o(.dtors)
 *(EXCLUDE_FILE(*crtend.o) .dtors)
 *(SORT(.dtors.*))
 *(.dtors)
                0x000000000000566c                __DTOR_END__ = .

.preinit_array  0x000000000000566c        0x0
                0x000000000000566c                PROVIDE (__preinit_array_start, .)
 *(.preinit_array*)
                0x000000000000566c                PROVIDE (__preinit_array_end, .)

.init_array     0x000000000000566c        0x8
                0x000000000000566c                PROVIDE (__init_array_start, .)
 *(SORT(.init_array.*))
 .init_array.00000
                0x000000000000566c        0x4 /Users/gian/Projects/Microcontrollers/ARM/Tools/gcc-arm-none-eabi-4_8-2014q2/bin/../lib/gcc/arm-none-eabi/4.8.4/../../../../arm-none-eabi/lib/armv7e-m/libg.a(lib_a-__call_atexit.o)
 *(.init_array*)
 .init_array    0x0000000000005670        0x4 /Users/gian/Projects/Microcontrollers/ARM/Tools/gcc-arm-none-eabi-4_8-2014q2/bin/../lib/gcc/arm-none-eabi/4.8.4/armv7e-m/crtbegin.o
                0x0000000000005674                PROVIDE (__init_array_end, .)

.fini_array     0x0000000000005674        0x4
                0x0000000000005674                PROVIDE (__fini_array_start, .)
 *(SORT(.fini_array.*))
 *(.fini_array*)
 .fini_array    0x0000000000005674        0x4 /Users/gian/Projects/Microcontrollers/ARM/Tools/gcc-arm-none-eabi-4_8-2014q2/bin/../lib/gcc/arm-none-eabi/4.8.4/armv7e-m/crtbegin.o
                0x0000000000005678                PROVIDE (__fini_array_end, .)
                0x0000000000005678                ___ROM_AT = .

.data           0x000000001fffe000      0x438 load address 0x0000000000005678
                0x000000001fffe000                . = ALIGN (0x4)
                0x000000001fffe000                _sdata = .
 *(.data)
 *(.data*)
 .data.xFreeBytesRemaining
                0x000000001fffe000        0x4 ./Sources/FreeRTOS/Source/portable/MemMang/heap_2.o
 .data.uxCriticalNesting
                0x000000001fffe004        0x4 ./Sources/FreeRTOS/Source/portable/GCC/ARM_CM3/port.o
 .data.xNextTaskUnblockTime
                0x000000001fffe008        0x4 ./Sources/FreeRTOS/Source/tasks.o
 *fill*         0x000000001fffe00c        0x4 
 .data.impure_data
                0x000000001fffe010      0x428 /Users/gian/Projects/Microcontrollers/ARM/Tools/gcc-arm-none-eabi-4_8-2014q2/bin/../lib/gcc/arm-none-eabi/4.8.4/../../../../arm-none-eabi/lib/armv7e-m/libg.a(lib_a-impure.o)
                0x000000001fffe438                . = ALIGN (0x4)
                0x000000001fffe438                _edata = .
                0x0000000000000438                ___data_size = (_edata - _sdata)
                0x0000000000005ab0                ___m_data_20000000_ROMStart = (___ROM_AT + SIZEOF (.data))

.jcr            0x000000001fffe438        0x0 load address 0x0000000000005ab0
 .jcr           0x000000001fffe438        0x0 /Users/gian/Projects/Microcontrollers/ARM/Tools/gcc-arm-none-eabi-4_8-2014q2/bin/../lib/gcc/arm-none-eabi/4.8.4/armv7e-m/crtbegin.o

.igot.plt       0x000000001fffe438        0x0 load address 0x0000000000005ab0
 .igot.plt      0x0000000000000000        0x0 /Users/gian/Projects/Microcontrollers/ARM/Tools/gcc-arm-none-eabi-4_8-2014q2/bin/../lib/gcc/arm-none-eabi/4.8.4/armv7e-m/crtbegin.o

.m_data_20000000
                0x0000000020000000        0x0 load address 0x0000000000005ab0
                0x0000000020000000                . = ALIGN (0x4)
                0x0000000020000000                ___m_data_20000000_RAMStart = .
 *(.m_data_20000000)
                0x0000000020000000                ___m_data_20000000_RAMEnd = .
                0x0000000020000000                . = ALIGN (0x4)
                0x0000000000000000                ___m_data_20000000_ROMSize = (___m_data_20000000_RAMEnd - ___m_data_20000000_RAMStart)
                0x0000000020000000                . = ALIGN (0x4)

.bss            0x000000001fffe438     0x1784 load address 0x0000000000005ab0
                0x000000001fffe438                __START_BSS = .
                0x000000001fffe438                PROVIDE (__bss_start__, __START_BSS)
 *(.bss)
 .bss           0x000000001fffe438       0x1c /Users/gian/Projects/Microcontrollers/ARM/Tools/gcc-arm-none-eabi-4_8-2014q2/bin/../lib/gcc/arm-none-eabi/4.8.4/armv7e-m/crtbegin.o
 *(.bss*)
 .bss.ucHeap    0x000000001fffe454     0x1400 ./Sources/FreeRTOS/Source/portable/MemMang/heap_2.o
 .bss.xStart    0x000000001ffff854        0x8 ./Sources/FreeRTOS/Source/portable/MemMang/heap_2.o
 .bss.xEnd      0x000000001ffff85c        0x8 ./Sources/FreeRTOS/Source/portable/MemMang/heap_2.o
 .bss.xHeapHasBeenInitialised.4583
                0x000000001ffff864        0x4 ./Sources/FreeRTOS/Source/portable/MemMang/heap_2.o
 .bss.ucMaxSysCallPriority
                0x000000001ffff868        0x1 ./Sources/FreeRTOS/Source/portable/GCC/ARM_CM3/port.o
 *fill*         0x000000001ffff869        0x3 
 .bss.ulMaxPRIGROUPValue
                0x000000001ffff86c        0x4 ./Sources/FreeRTOS/Source/portable/GCC/ARM_CM3/port.o
 .bss.pxCurrentTCB
                0x000000001ffff870        0x4 ./Sources/FreeRTOS/Source/tasks.o
                0x000000001ffff870                pxCurrentTCB
 .bss.pxReadyTasksLists
                0x000000001ffff874       0x8c ./Sources/FreeRTOS/Source/tasks.o
 .bss.xDelayedTaskList1
                0x000000001ffff900       0x14 ./Sources/FreeRTOS/Source/tasks.o
 .bss.xDelayedTaskList2
                0x000000001ffff914       0x14 ./Sources/FreeRTOS/Source/tasks.o
 .bss.pxDelayedTaskList
                0x000000001ffff928        0x4 ./Sources/FreeRTOS/Source/tasks.o
 .bss.pxOverflowDelayedTaskList
                0x000000001ffff92c        0x4 ./Sources/FreeRTOS/Source/tasks.o
 .bss.xPendingReadyList
                0x000000001ffff930       0x14 ./Sources/FreeRTOS/Source/tasks.o
 .bss.xTasksWaitingTermination
                0x000000001ffff944       0x14 ./Sources/FreeRTOS/Source/tasks.o
 .bss.uxTasksDeleted
                0x000000001ffff958        0x4 ./Sources/FreeRTOS/Source/tasks.o
 .bss.xSuspendedTaskList
                0x000000001ffff95c       0x14 ./Sources/FreeRTOS/Source/tasks.o
 .bss.uxCurrentNumberOfTasks
                0x000000001ffff970        0x4 ./Sources/FreeRTOS/Source/tasks.o
 .bss.xTickCount
                0x000000001ffff974        0x4 ./Sources/FreeRTOS/Source/tasks.o
 .bss.uxTopReadyPriority
                0x000000001ffff978        0x4 ./Sources/FreeRTOS/Source/tasks.o
 .bss.xSchedulerRunning
                0x000000001ffff97c        0x4 ./Sources/FreeRTOS/Source/tasks.o
 .bss.uxPendedTicks
                0x000000001ffff980        0x4 ./Sources/FreeRTOS/Source/tasks.o
 .bss.xYieldPending
                0x000000001ffff984        0x4 ./Sources/FreeRTOS/Source/tasks.o
 .bss.xNumOfOverflows
                0x000000001ffff988        0x4 ./Sources/FreeRTOS/Source/tasks.o
 .bss.uxTaskNumber
                0x000000001ffff98c        0x4 ./Sources/FreeRTOS/Source/tasks.o
 .bss.uxSchedulerSuspended
                0x000000001ffff990        0x4 ./Sources/FreeRTOS/Source/tasks.o
 .bss.xActiveTimerList1
                0x000000001ffff994       0x14 ./Sources/FreeRTOS/Source/timers.o
 .bss.xActiveTimerList2
                0x000000001ffff9a8       0x14 ./Sources/FreeRTOS/Source/timers.o
 .bss.pxCurrentTimerList
                0x000000001ffff9bc        0x4 ./Sources/FreeRTOS/Source/timers.o
 .bss.pxOverflowTimerList
                0x000000001ffff9c0        0x4 ./Sources/FreeRTOS/Source/timers.o
 .bss.xTimerQueue
                0x000000001ffff9c4        0x4 ./Sources/FreeRTOS/Source/timers.o
 .bss.xLastTime.4812
                0x000000001ffff9c8        0x4 ./Sources/FreeRTOS/Source/timers.o
 .bss.dT        0x000000001ffff9cc        0x4 ./Sources/Drivers/MS5611Driver.o
                0x000000001ffff9cc                dT
 .bss.argv      0x000000001ffff9d0       0x28 ./Project_Settings/Startup_Code/startup.o
 .bss.SerFlag   0x000000001ffff9f8        0x2 ./Generated_Code/AS0.o
 .bss.AS0_InpLen
                0x000000001ffff9fa        0x2 ./Generated_Code/AS0.o
 .bss.InpIndexR
                0x000000001ffff9fc        0x2 ./Generated_Code/AS0.o
 .bss.InpIndexW
                0x000000001ffff9fe        0x2 ./Generated_Code/AS0.o
 .bss.InpBuffer
                0x000000001ffffa00        0xc ./Generated_Code/AS0.o
 .bss.BufferRead
                0x000000001ffffa0c        0x1 ./Generated_Code/AS0.o
 *fill*         0x000000001ffffa0d        0x1 
 .bss.AS0_OutLen
                0x000000001ffffa0e        0x2 ./Generated_Code/AS0.o
 .bss.OutIndexR
                0x000000001ffffa10        0x2 ./Generated_Code/AS0.o
 .bss.OutIndexW
                0x000000001ffffa12        0x2 ./Generated_Code/AS0.o
 .bss.OutBuffer
                0x000000001ffffa14       0x50 ./Generated_Code/AS0.o
 .bss.OnFreeTxBufSemaphore
                0x000000001ffffa64        0x1 ./Generated_Code/AS0.o
 *fill*         0x000000001ffffa65        0x3 
 .bss.AS0_ModOnRxChar
                0x000000001ffffa68        0x4 ./Generated_Code/AS0.o
                0x000000001ffffa68                AS0_ModOnRxChar
 .bss.SerFlag   0x000000001ffffa6c        0x2 ./Generated_Code/AS1.o
 .bss.AS1_InpLen
                0x000000001ffffa6e        0x2 ./Generated_Code/AS1.o
 .bss.InpIndexR
                0x000000001ffffa70        0x2 ./Generated_Code/AS1.o
 .bss.InpIndexW
                0x000000001ffffa72        0x2 ./Generated_Code/AS1.o
 .bss.InpBuffer
                0x000000001ffffa74        0xc ./Generated_Code/AS1.o
 .bss.BufferRead
                0x000000001ffffa80        0x1 ./Generated_Code/AS1.o
 *fill*         0x000000001ffffa81        0x1 
 .bss.AS1_OutLen
                0x000000001ffffa82        0x2 ./Generated_Code/AS1.o
 .bss.OutIndexR
                0x000000001ffffa84        0x2 ./Generated_Code/AS1.o
 .bss.OutIndexW
                0x000000001ffffa86        0x2 ./Generated_Code/AS1.o
 .bss.OutBuffer
                0x000000001ffffa88       0x50 ./Generated_Code/AS1.o
 .bss.OnFreeTxBufSemaphore
                0x000000001ffffad8        0x1 ./Generated_Code/AS1.o
 *fill*         0x000000001ffffad9        0x3 
 .bss.AS1_ModOnRxChar
                0x000000001ffffadc        0x4 ./Generated_Code/AS1.o
                0x000000001ffffadc                AS1_ModOnRxChar
 .bss.DeviceDataPrv_UART1_DEFAULT_RTOS_ALLOC
                0x000000001ffffae0       0x20 ./Generated_Code/ASerialLdd1.o
 .bss.INT_UART1_RX_TX__DEFAULT_RTOS_ISRPARAM
                0x000000001ffffb00        0x4 ./Generated_Code/ASerialLdd1.o
 .bss.INT_UART1_ERR__DEFAULT_RTOS_ISRPARAM
                0x000000001ffffb04        0x4 ./Generated_Code/ASerialLdd1.o
 .bss.DeviceDataPrv_UART0_DEFAULT_RTOS_ALLOC
                0x000000001ffffb08       0x20 ./Generated_Code/ASerialLdd2.o
 .bss.INT_UART0_RX_TX__DEFAULT_RTOS_ISRPARAM
                0x000000001ffffb28        0x4 ./Generated_Code/ASerialLdd2.o
 .bss.INT_UART0_ERR__DEFAULT_RTOS_ISRPARAM
                0x000000001ffffb2c        0x4 ./Generated_Code/ASerialLdd2.o
 .bss.OutLenM   0x000000001ffffb30        0x2 ./Generated_Code/CI2C0.o
 .bss.isSynch   0x000000001ffffb32        0x1 ./Generated_Code/CI2C0.o
                0x000000001ffffb32                isSynch
 .bss.SR_lock   0x000000001ffffb33        0x1 ./Generated_Code/Cpu.o
                0x000000001ffffb33                SR_lock
 .bss.DeviceDataPrv__DEFAULT_RTOS_ALLOC
                0x000000001ffffb34       0x18 ./Generated_Code/IntI2cLdd1.o
 .bss.INT_I2C0__DEFAULT_RTOS_ISRPARAM
                0x000000001ffffb4c        0x4 ./Generated_Code/IntI2cLdd1.o
 .bss.PE_LDD_DeviceDataList
                0x000000001ffffb50       0x10 ./Generated_Code/PE_LDD.o
                0x000000001ffffb50                PE_LDD_DeviceDataList
 .bss.SerFlag   0x000000001ffffb60        0x1 ./Generated_Code/SM1.o
 .bss.ErrFlag   0x000000001ffffb61        0x1 ./Generated_Code/SM1.o
 .bss.BufferRead
                0x000000001ffffb62        0x1 ./Generated_Code/SM1.o
 *fill*         0x000000001ffffb63        0x1 
 .bss.DeviceDataPrv__DEFAULT_RTOS_ALLOC
                0x000000001ffffb64       0x20 ./Generated_Code/SMasterLdd1.o
 .bss.INT_SPI0__DEFAULT_RTOS_ISRPARAM
                0x000000001ffffb84        0x4 ./Generated_Code/SMasterLdd1.o
 *(COMMON)
 COMMON         0x000000001ffffb88       0x17 ./Sources/Drivers/MS5611Driver.o
                0x000000001ffffb88                epromData
                0x000000001ffffb98                lastTemperatureRead
                0x000000001ffffb9c                lastPressureRead
 *fill*         0x000000001ffffb9f        0x1 
 COMMON         0x000000001ffffba0        0x4 ./Generated_Code/AS0.o
                0x000000001ffffba0                ASerialLdd2_DeviceDataPtr
 COMMON         0x000000001ffffba4        0x4 ./Generated_Code/AS1.o
                0x000000001ffffba4                ASerialLdd1_DeviceDataPtr
 COMMON         0x000000001ffffba8        0xc ./Generated_Code/CI2C0.o
                0x000000001ffffba8                synchSemaphore
                0x000000001ffffbac                CI2C0_SndRcvTemp
                0x000000001ffffbb0                IntI2cLdd1_DeviceDataPtr
 COMMON         0x000000001ffffbb4        0x1 ./Generated_Code/Cpu.o
                0x000000001ffffbb4                SR_reg
 *fill*         0x000000001ffffbb5        0x3 
 COMMON         0x000000001ffffbb8        0x4 ./Generated_Code/SM1.o
                0x000000001ffffbb8                SMasterLdd1_DeviceDataPtr
                0x000000001ffffbbc                . = ALIGN (0x4)
                0x000000001ffffbbc                __END_BSS = .
                0x000000001ffffbbc                PROVIDE (__bss_end__, __END_BSS)
                0x0000000000005ab0                _romp_at = ((___ROM_AT + SIZEOF (.data)) + SIZEOF (.m_data_20000000))

.romp           0x000000001ffffbbc       0x24 load address 0x0000000000005ab0
                0x0000000000005ab0                __S_romp = _romp_at
                0x000000001ffffbbc        0x4 LONG 0x5678 ___ROM_AT
                0x000000001ffffbc0        0x4 LONG 0x1fffe000 _sdata
                0x000000001ffffbc4        0x4 LONG 0x438 ___data_size
                0x000000001ffffbc8        0x4 LONG 0x5ab0 ___m_data_20000000_ROMStart
                0x000000001ffffbcc        0x4 LONG 0x20000000 ___m_data_20000000_RAMStart
                0x000000001ffffbd0        0x4 LONG 0x0 ___m_data_20000000_ROMSize
                0x000000001ffffbd4        0x4 LONG 0x0
                0x000000001ffffbd8        0x4 LONG 0x0
                0x000000001ffffbdc        0x4 LONG 0x0

._user_heap_stack
                0x000000001ffffbe0      0x400 load address 0x0000000000005ad4
                0x000000001ffffbe0                . = ALIGN (0x4)
                0x000000001ffffbe0                PROVIDE (end, .)
                0x000000001ffffbe0                PROVIDE (_end, .)
                0x000000001ffffbe0                __heap_addr = .
                0x000000001ffffbe0                . = (. + __heap_size)
                0x000000001fffffe0                . = (. + __stack_size)
 *fill*         0x000000001ffffbe0      0x400 
                0x000000001fffffe0                . = ALIGN (0x4)

.ARM.attributes
                0x0000000000000000       0x2a
 *(.ARM.attributes)
 .ARM.attributes
                0x0000000000000000       0x1e /Users/gian/Projects/Microcontrollers/ARM/Tools/gcc-arm-none-eabi-4_8-2014q2/bin/../lib/gcc/arm-none-eabi/4.8.4/armv7e-m/crti.o
 .ARM.attributes
                0x000000000000001e       0x2e /Users/gian/Projects/Microcontrollers/ARM/Tools/gcc-arm-none-eabi-4_8-2014q2/bin/../lib/gcc/arm-none-eabi/4.8.4/armv7e-m/crtbegin.o
 .ARM.attributes
                0x000000000000004c       0x33 ./Sources/FreeRTOS/Source/portable/MemMang/heap_2.o
 .ARM.attributes
                0x000000000000007f       0x33 ./Sources/FreeRTOS/Source/portable/GCC/ARM_CM3/port.o
 .ARM.attributes
                0x00000000000000b2       0x33 ./Sources/FreeRTOS/Source/list.o
 .ARM.attributes
                0x00000000000000e5       0x33 ./Sources/FreeRTOS/Source/queue.o
 .ARM.attributes
                0x0000000000000118       0x33 ./Sources/FreeRTOS/Source/tasks.o
 .ARM.attributes
                0x000000000000014b       0x33 ./Sources/FreeRTOS/Source/timers.o
 .ARM.attributes
                0x000000000000017e       0x33 ./Sources/Drivers/MS5611Driver.o
 .ARM.attributes
                0x00000000000001b1       0x33 ./Sources/Events.o
 .ARM.attributes
                0x00000000000001e4       0x33 ./Sources/main.o
 .ARM.attributes
                0x0000000000000217       0x33 ./Project_Settings/Startup_Code/startup.o
 .ARM.attributes
                0x000000000000024a       0x33 ./Generated_Code/AS0.o
 .ARM.attributes
                0x000000000000027d       0x33 ./Generated_Code/AS1.o
 .ARM.attributes
                0x00000000000002b0       0x33 ./Generated_Code/ASerialLdd1.o
 .ARM.attributes
                0x00000000000002e3       0x33 ./Generated_Code/ASerialLdd2.o
 .ARM.attributes
                0x0000000000000316       0x33 ./Generated_Code/CI2C0.o
 .ARM.attributes
                0x0000000000000349       0x33 ./Generated_Code/Cpu.o
 .ARM.attributes
                0x000000000000037c       0x33 ./Generated_Code/IntI2cLdd1.o
 .ARM.attributes
                0x00000000000003af       0x33 ./Generated_Code/PE_LDD.o
 .ARM.attributes
                0x00000000000003e2       0x33 ./Generated_Code/SM1.o
 .ARM.attributes
                0x0000000000000415       0x33 ./Generated_Code/SMasterLdd1.o
 .ARM.attributes
                0x0000000000000448       0x33 ./Generated_Code/Vectors.o
 .ARM.attributes
                0x000000000000047b       0x1e /Users/gian/Projects/Microcontrollers/ARM/Tools/gcc-arm-none-eabi-4_8-2014q2/bin/../lib/gcc/arm-none-eabi/4.8.4/armv7e-m/libgcc.a(_aeabi_ldivmod.o)
 .ARM.attributes
                0x0000000000000499       0x2e /Users/gian/Projects/Microcontrollers/ARM/Tools/gcc-arm-none-eabi-4_8-2014q2/bin/../lib/gcc/arm-none-eabi/4.8.4/armv7e-m/libgcc.a(bpabi.o)
 .ARM.attributes
                0x00000000000004c7       0x1e /Users/gian/Projects/Microcontrollers/ARM/Tools/gcc-arm-none-eabi-4_8-2014q2/bin/../lib/gcc/arm-none-eabi/4.8.4/armv7e-m/libgcc.a(_dvmd_tls.o)
 .ARM.attributes
                0x00000000000004e5       0x2e /Users/gian/Projects/Microcontrollers/ARM/Tools/gcc-arm-none-eabi-4_8-2014q2/bin/../lib/gcc/arm-none-eabi/4.8.4/armv7e-m/libgcc.a(_divdi3.o)
 .ARM.attributes
                0x0000000000000513       0x2e /Users/gian/Projects/Microcontrollers/ARM/Tools/gcc-arm-none-eabi-4_8-2014q2/bin/../lib/gcc/arm-none-eabi/4.8.4/armv7e-m/libgcc.a(_udivdi3.o)
 .ARM.attributes
                0x0000000000000541       0x2e /Users/gian/Projects/Microcontrollers/ARM/Tools/gcc-arm-none-eabi-4_8-2014q2/bin/../lib/gcc/arm-none-eabi/4.8.4/../../../../arm-none-eabi/lib/armv7e-m/libg.a(lib_a-impure.o)
 .ARM.attributes
                0x000000000000056f       0x1c /Users/gian/Projects/Microcontrollers/ARM/Tools/gcc-arm-none-eabi-4_8-2014q2/bin/../lib/gcc/arm-none-eabi/4.8.4/../../../../arm-none-eabi/lib/armv7e-m/libg.a(lib_a-memcpy.o)
 .ARM.attributes
                0x000000000000058b       0x2e /Users/gian/Projects/Microcontrollers/ARM/Tools/gcc-arm-none-eabi-4_8-2014q2/bin/../lib/gcc/arm-none-eabi/4.8.4/../../../../arm-none-eabi/lib/armv7e-m/libg.a(lib_a-memset.o)
 .ARM.attributes
                0x00000000000005b9       0x2e /Users/gian/Projects/Microcontrollers/ARM/Tools/gcc-arm-none-eabi-4_8-2014q2/bin/../lib/gcc/arm-none-eabi/4.8.4/../../../../arm-none-eabi/lib/armv7e-m/libg.a(lib_a-__call_atexit.o)
 .ARM.attributes
                0x00000000000005e7       0x2e /Users/gian/Projects/Microcontrollers/ARM/Tools/gcc-arm-none-eabi-4_8-2014q2/bin/../lib/gcc/arm-none-eabi/4.8.4/../../../../arm-none-eabi/lib/armv7e-m/libg.a(lib_a-atexit.o)
 .ARM.attributes
                0x0000000000000615       0x2e /Users/gian/Projects/Microcontrollers/ARM/Tools/gcc-arm-none-eabi-4_8-2014q2/bin/../lib/gcc/arm-none-eabi/4.8.4/../../../../arm-none-eabi/lib/armv7e-m/libg.a(lib_a-fini.o)
 .ARM.attributes
                0x0000000000000643       0x2e /Users/gian/Projects/Microcontrollers/ARM/Tools/gcc-arm-none-eabi-4_8-2014q2/bin/../lib/gcc/arm-none-eabi/4.8.4/../../../../arm-none-eabi/lib/armv7e-m/libg.a(lib_a-__atexit.o)
 .ARM.attributes
                0x0000000000000671       0x1e /Users/gian/Projects/Microcontrollers/ARM/Tools/gcc-arm-none-eabi-4_8-2014q2/bin/../lib/gcc/arm-none-eabi/4.8.4/armv7e-m/crtn.o
OUTPUT(ReVarioExperimental.elf elf32-littlearm)

.debug_info     0x0000000000000000     0x7ea8
 .debug_info    0x0000000000000000      0x2de ./Sources/FreeRTOS/Source/portable/MemMang/heap_2.o
 .debug_info    0x00000000000002de      0x310 ./Sources/FreeRTOS/Source/portable/GCC/ARM_CM3/port.o
 .debug_info    0x00000000000005ee      0x2a1 ./Sources/FreeRTOS/Source/list.o
 .debug_info    0x000000000000088f      0xa4e ./Sources/FreeRTOS/Source/queue.o
 .debug_info    0x00000000000012dd     0x102d ./Sources/FreeRTOS/Source/tasks.o
 .debug_info    0x000000000000230a      0x7e9 ./Sources/FreeRTOS/Source/timers.o
 .debug_info    0x0000000000002af3      0x470 ./Sources/Drivers/MS5611Driver.o
 .debug_info    0x0000000000002f63      0x1bd ./Sources/Events.o
 .debug_info    0x0000000000003120      0x3dd ./Sources/main.o
 .debug_info    0x00000000000034fd      0x308 ./Project_Settings/Startup_Code/startup.o
 .debug_info    0x0000000000003805      0x57d ./Generated_Code/AS0.o
 .debug_info    0x0000000000003d82      0x572 ./Generated_Code/AS1.o
 .debug_info    0x00000000000042f4      0xab5 ./Generated_Code/ASerialLdd1.o
 .debug_info    0x0000000000004da9      0xab5 ./Generated_Code/ASerialLdd2.o
 .debug_info    0x000000000000585e      0x4cd ./Generated_Code/CI2C0.o
 .debug_info    0x0000000000005d2b      0x9d3 ./Generated_Code/Cpu.o
 .debug_info    0x00000000000066fe      0x8dc ./Generated_Code/IntI2cLdd1.o
 .debug_info    0x0000000000006fda      0x251 ./Generated_Code/PE_LDD.o
 .debug_info    0x000000000000722b      0x32a ./Generated_Code/SM1.o
 .debug_info    0x0000000000007555      0x845 ./Generated_Code/SMasterLdd1.o
 .debug_info    0x0000000000007d9a      0x10e ./Generated_Code/Vectors.o

.debug_abbrev   0x0000000000000000     0x1e3b
 .debug_abbrev  0x0000000000000000      0x155 ./Sources/FreeRTOS/Source/portable/MemMang/heap_2.o
 .debug_abbrev  0x0000000000000155      0x1a7 ./Sources/FreeRTOS/Source/portable/GCC/ARM_CM3/port.o
 .debug_abbrev  0x00000000000002fc       0xc1 ./Sources/FreeRTOS/Source/list.o
 .debug_abbrev  0x00000000000003bd      0x16d ./Sources/FreeRTOS/Source/queue.o
 .debug_abbrev  0x000000000000052a      0x23e ./Sources/FreeRTOS/Source/tasks.o
 .debug_abbrev  0x0000000000000768      0x18b ./Sources/FreeRTOS/Source/timers.o
 .debug_abbrev  0x00000000000008f3      0x10d ./Sources/Drivers/MS5611Driver.o
 .debug_abbrev  0x0000000000000a00       0x5d ./Sources/Events.o
 .debug_abbrev  0x0000000000000a5d      0x125 ./Sources/main.o
 .debug_abbrev  0x0000000000000b82      0x148 ./Project_Settings/Startup_Code/startup.o
 .debug_abbrev  0x0000000000000cca      0x1f7 ./Generated_Code/AS0.o
 .debug_abbrev  0x0000000000000ec1      0x1f7 ./Generated_Code/AS1.o
 .debug_abbrev  0x00000000000010b8      0x1db ./Generated_Code/ASerialLdd1.o
 .debug_abbrev  0x0000000000001293      0x1db ./Generated_Code/ASerialLdd2.o
 .debug_abbrev  0x000000000000146e      0x179 ./Generated_Code/CI2C0.o
 .debug_abbrev  0x00000000000015e7      0x1a1 ./Generated_Code/Cpu.o
 .debug_abbrev  0x0000000000001788      0x18b ./Generated_Code/IntI2cLdd1.o
 .debug_abbrev  0x0000000000001913      0x10d ./Generated_Code/PE_LDD.o
 .debug_abbrev  0x0000000000001a20      0x1b4 ./Generated_Code/SM1.o
 .debug_abbrev  0x0000000000001bd4      0x1c3 ./Generated_Code/SMasterLdd1.o
 .debug_abbrev  0x0000000000001d97       0xa4 ./Generated_Code/Vectors.o

.debug_aranges  0x0000000000000000      0x930
 .debug_aranges
                0x0000000000000000       0x40 ./Sources/FreeRTOS/Source/portable/MemMang/heap_2.o
 .debug_aranges
                0x0000000000000040       0x90 ./Sources/FreeRTOS/Source/portable/GCC/ARM_CM3/port.o
 .debug_aranges
                0x00000000000000d0       0x40 ./Sources/FreeRTOS/Source/list.o
 .debug_aranges
                0x0000000000000110       0xd0 ./Sources/FreeRTOS/Source/queue.o
 .debug_aranges
                0x00000000000001e0      0x170 ./Sources/FreeRTOS/Source/tasks.o
 .debug_aranges
                0x0000000000000350       0x90 ./Sources/FreeRTOS/Source/timers.o
 .debug_aranges
                0x00000000000003e0       0x50 ./Sources/Drivers/MS5611Driver.o
 .debug_aranges
                0x0000000000000430       0xa8 ./Sources/Events.o
 .debug_aranges
                0x00000000000004d8       0x50 ./Sources/main.o
 .debug_aranges
                0x0000000000000528       0x60 ./Project_Settings/Startup_Code/startup.o
 .debug_aranges
                0x0000000000000588       0x90 ./Generated_Code/AS0.o
 .debug_aranges
                0x0000000000000618       0x90 ./Generated_Code/AS1.o
 .debug_aranges
                0x00000000000006a8       0x50 ./Generated_Code/ASerialLdd1.o
 .debug_aranges
                0x00000000000006f8       0x50 ./Generated_Code/ASerialLdd2.o
 .debug_aranges
                0x0000000000000748       0x70 ./Generated_Code/CI2C0.o
 .debug_aranges
                0x00000000000007b8       0x50 ./Generated_Code/Cpu.o
 .debug_aranges
                0x0000000000000808       0x50 ./Generated_Code/IntI2cLdd1.o
 .debug_aranges
                0x0000000000000858       0x30 ./Generated_Code/PE_LDD.o
 .debug_aranges
                0x0000000000000888       0x58 ./Generated_Code/SM1.o
 .debug_aranges
                0x00000000000008e0       0x38 ./Generated_Code/SMasterLdd1.o
 .debug_aranges
                0x0000000000000918       0x18 ./Generated_Code/Vectors.o

.debug_ranges   0x0000000000000000      0x7d8
 .debug_ranges  0x0000000000000000       0x30 ./Sources/FreeRTOS/Source/portable/MemMang/heap_2.o
 .debug_ranges  0x0000000000000030       0x80 ./Sources/FreeRTOS/Source/portable/GCC/ARM_CM3/port.o
 .debug_ranges  0x00000000000000b0       0x30 ./Sources/FreeRTOS/Source/list.o
 .debug_ranges  0x00000000000000e0       0xc0 ./Sources/FreeRTOS/Source/queue.o
 .debug_ranges  0x00000000000001a0      0x160 ./Sources/FreeRTOS/Source/tasks.o
 .debug_ranges  0x0000000000000300       0x80 ./Sources/FreeRTOS/Source/timers.o
 .debug_ranges  0x0000000000000380       0x40 ./Sources/Drivers/MS5611Driver.o
 .debug_ranges  0x00000000000003c0       0x98 ./Sources/Events.o
 .debug_ranges  0x0000000000000458       0x40 ./Sources/main.o
 .debug_ranges  0x0000000000000498       0x50 ./Project_Settings/Startup_Code/startup.o
 .debug_ranges  0x00000000000004e8       0x80 ./Generated_Code/AS0.o
 .debug_ranges  0x0000000000000568       0x80 ./Generated_Code/AS1.o
 .debug_ranges  0x00000000000005e8       0x40 ./Generated_Code/ASerialLdd1.o
 .debug_ranges  0x0000000000000628       0x40 ./Generated_Code/ASerialLdd2.o
 .debug_ranges  0x0000000000000668       0x60 ./Generated_Code/CI2C0.o
 .debug_ranges  0x00000000000006c8       0x40 ./Generated_Code/Cpu.o
 .debug_ranges  0x0000000000000708       0x40 ./Generated_Code/IntI2cLdd1.o
 .debug_ranges  0x0000000000000748       0x20 ./Generated_Code/PE_LDD.o
 .debug_ranges  0x0000000000000768       0x48 ./Generated_Code/SM1.o
 .debug_ranges  0x00000000000007b0       0x28 ./Generated_Code/SMasterLdd1.o

.debug_macro    0x0000000000000000    0x12260
 .debug_macro   0x0000000000000000      0x156 ./Sources/FreeRTOS/Source/portable/MemMang/heap_2.o
 .debug_macro   0x0000000000000156      0x84a ./Sources/FreeRTOS/Source/portable/MemMang/heap_2.o
 .debug_macro   0x00000000000009a0       0x58 ./Sources/FreeRTOS/Source/portable/MemMang/heap_2.o
 .debug_macro   0x00000000000009f8       0x16 ./Sources/FreeRTOS/Source/portable/MemMang/heap_2.o
 .debug_macro   0x0000000000000a0e       0x35 ./Sources/FreeRTOS/Source/portable/MemMang/heap_2.o
 .debug_macro   0x0000000000000a43       0xa3 ./Sources/FreeRTOS/Source/portable/MemMang/heap_2.o
 .debug_macro   0x0000000000000ae6       0x16 ./Sources/FreeRTOS/Source/portable/MemMang/heap_2.o
 .debug_macro   0x0000000000000afc      0x10e ./Sources/FreeRTOS/Source/portable/MemMang/heap_2.o
 .debug_macro   0x0000000000000c0a       0x7f ./Sources/FreeRTOS/Source/portable/MemMang/heap_2.o
 .debug_macro   0x0000000000000c89       0x4a ./Sources/FreeRTOS/Source/portable/MemMang/heap_2.o
 .debug_macro   0x0000000000000cd3       0x52 ./Sources/FreeRTOS/Source/portable/MemMang/heap_2.o
 .debug_macro   0x0000000000000d25       0x16 ./Sources/FreeRTOS/Source/portable/MemMang/heap_2.o
 .debug_macro   0x0000000000000d3b       0x43 ./Sources/FreeRTOS/Source/portable/MemMang/heap_2.o
 .debug_macro   0x0000000000000d7e      0x180 ./Sources/FreeRTOS/Source/portable/MemMang/heap_2.o
 .debug_macro   0x0000000000000efe       0x22 ./Sources/FreeRTOS/Source/portable/MemMang/heap_2.o
 .debug_macro   0x0000000000000f20      0x20f ./Sources/FreeRTOS/Source/portable/MemMang/heap_2.o
 .debug_macro   0x000000000000112f       0xcb ./Sources/FreeRTOS/Source/portable/MemMang/heap_2.o
 .debug_macro   0x00000000000011fa      0x129 ./Sources/FreeRTOS/Source/portable/MemMang/heap_2.o
 .debug_macro   0x0000000000001323       0x46 ./Sources/FreeRTOS/Source/portable/MemMang/heap_2.o
 .debug_macro   0x0000000000001369       0x18 ./Sources/FreeRTOS/Source/portable/MemMang/heap_2.o
 .debug_macro   0x0000000000001381       0x1f ./Sources/FreeRTOS/Source/portable/MemMang/heap_2.o
 .debug_macro   0x00000000000013a0      0x353 ./Sources/FreeRTOS/Source/portable/MemMang/heap_2.o
 .debug_macro   0x00000000000016f3       0x79 ./Sources/FreeRTOS/Source/portable/MemMang/heap_2.o
 .debug_macro   0x000000000000176c       0x69 ./Sources/FreeRTOS/Source/portable/MemMang/heap_2.o
 .debug_macro   0x00000000000017d5      0x154 ./Sources/FreeRTOS/Source/portable/GCC/ARM_CM3/port.o
 .debug_macro   0x0000000000001929      0x166 ./Sources/FreeRTOS/Source/portable/GCC/ARM_CM3/port.o
 .debug_macro   0x0000000000001a8f       0x44 ./Sources/FreeRTOS/Source/portable/GCC/ARM_CM3/port.o
 .debug_macro   0x0000000000001ad3      0x209 ./Sources/FreeRTOS/Source/portable/GCC/ARM_CM3/port.o
 .debug_macro   0x0000000000001cdc      0x129 ./Sources/FreeRTOS/Source/list.o
 .debug_macro   0x0000000000001e05      0x1b4 ./Sources/FreeRTOS/Source/queue.o
 .debug_macro   0x0000000000001fb9      0x2a6 ./Sources/FreeRTOS/Source/queue.o
 .debug_macro   0x000000000000225f       0x10 ./Sources/FreeRTOS/Source/queue.o
 .debug_macro   0x000000000000226f       0x35 ./Sources/FreeRTOS/Source/queue.o
 .debug_macro   0x00000000000022a4       0xb0 ./Sources/FreeRTOS/Source/queue.o
 .debug_macro   0x0000000000002354      0x23a ./Sources/FreeRTOS/Source/tasks.o
 .debug_macro   0x000000000000258e       0x16 ./Sources/FreeRTOS/Source/tasks.o
 .debug_macro   0x00000000000025a4       0x1c ./Sources/FreeRTOS/Source/tasks.o
 .debug_macro   0x00000000000025c0       0x10 ./Sources/FreeRTOS/Source/tasks.o
 .debug_macro   0x00000000000025d0       0x10 ./Sources/FreeRTOS/Source/tasks.o
 .debug_macro   0x00000000000025e0       0x22 ./Sources/FreeRTOS/Source/tasks.o
 .debug_macro   0x0000000000002602       0xbd ./Sources/FreeRTOS/Source/tasks.o
 .debug_macro   0x00000000000026bf       0x16 ./Sources/FreeRTOS/Source/tasks.o
 .debug_macro   0x00000000000026d5      0x14a ./Sources/FreeRTOS/Source/tasks.o
 .debug_macro   0x000000000000281f      0x166 ./Sources/FreeRTOS/Source/timers.o
 .debug_macro   0x0000000000002985      0x11e ./Sources/Drivers/MS5611Driver.o
 .debug_macro   0x0000000000002aa3     0x1672 ./Sources/Drivers/MS5611Driver.o
 .debug_macro   0x0000000000004115       0x52 ./Sources/Drivers/MS5611Driver.o
 .debug_macro   0x0000000000004167      0x14e ./Sources/Drivers/MS5611Driver.o
 .debug_macro   0x00000000000042b5       0x6a ./Sources/Drivers/MS5611Driver.o
 .debug_macro   0x000000000000431f     0x9b9f ./Sources/Drivers/MS5611Driver.o
 .debug_macro   0x000000000000debe       0xa6 ./Sources/Drivers/MS5611Driver.o
 .debug_macro   0x000000000000df64       0x43 ./Sources/Drivers/MS5611Driver.o
 .debug_macro   0x000000000000dfa7      0x13c ./Sources/Events.o
 .debug_macro   0x000000000000e0e3       0xa0 ./Sources/Events.o
 .debug_macro   0x000000000000e183       0x5f ./Sources/Events.o
 .debug_macro   0x000000000000e1e2       0x1f ./Sources/Events.o
 .debug_macro   0x000000000000e201       0x4a ./Sources/Events.o
 .debug_macro   0x000000000000e24b       0x65 ./Sources/Events.o
 .debug_macro   0x000000000000e2b0       0x1f ./Sources/Events.o
 .debug_macro   0x000000000000e2cf       0x94 ./Sources/Events.o
 .debug_macro   0x000000000000e363      0x642 ./Sources/Events.o
 .debug_macro   0x000000000000e9a5       0x3c ./Sources/Events.o
 .debug_macro   0x000000000000e9e1       0x17 ./Sources/Events.o
 .debug_macro   0x000000000000e9f8      0x25c ./Sources/main.o
 .debug_macro   0x000000000000ec54     0x166c ./Sources/main.o
 .debug_macro   0x00000000000102c0       0x7e ./Sources/main.o
 .debug_macro   0x000000000001033e       0x58 ./Sources/main.o
 .debug_macro   0x0000000000010396      0x102 ./Project_Settings/Startup_Code/startup.o
 .debug_macro   0x0000000000010498      0x1c0 ./Generated_Code/AS0.o
 .debug_macro   0x0000000000010658       0x5f ./Generated_Code/AS0.o
 .debug_macro   0x00000000000106b7      0x1c2 ./Generated_Code/AS1.o
 .debug_macro   0x0000000000010879       0xbc ./Generated_Code/ASerialLdd1.o
 .debug_macro   0x0000000000010935       0x25 ./Generated_Code/ASerialLdd1.o
 .debug_macro   0x000000000001095a      0x7ab ./Generated_Code/ASerialLdd1.o
 .debug_macro   0x0000000000011105       0xbc ./Generated_Code/ASerialLdd2.o
 .debug_macro   0x00000000000111c1       0x25 ./Generated_Code/ASerialLdd2.o
 .debug_macro   0x00000000000111e6      0x1a4 ./Generated_Code/CI2C0.o
 .debug_macro   0x000000000001138a      0x148 ./Generated_Code/Cpu.o
 .debug_macro   0x00000000000114d2       0xfc ./Generated_Code/IntI2cLdd1.o
 .debug_macro   0x00000000000115ce      0x4e3 ./Generated_Code/IntI2cLdd1.o
 .debug_macro   0x0000000000011ab1      0x297 ./Generated_Code/IntI2cLdd1.o
 .debug_macro   0x0000000000011d48      0x118 ./Generated_Code/PE_LDD.o
 .debug_macro   0x0000000000011e60      0x18a ./Generated_Code/SM1.o
 .debug_macro   0x0000000000011fea       0xc5 ./Generated_Code/SMasterLdd1.o
 .debug_macro   0x00000000000120af      0x14c ./Generated_Code/Vectors.o
 .debug_macro   0x00000000000121fb       0x65 ./Generated_Code/Vectors.o

.debug_line     0x0000000000000000     0x79e6
 .debug_line    0x0000000000000000      0x4c0 ./Sources/FreeRTOS/Source/portable/MemMang/heap_2.o
 .debug_line    0x00000000000004c0      0x519 ./Sources/FreeRTOS/Source/portable/GCC/ARM_CM3/port.o
 .debug_line    0x00000000000009d9      0x468 ./Sources/FreeRTOS/Source/list.o
 .debug_line    0x0000000000000e41      0x97b ./Sources/FreeRTOS/Source/queue.o
 .debug_line    0x00000000000017bc      0xc6b ./Sources/FreeRTOS/Source/tasks.o
 .debug_line    0x0000000000002427      0x60e ./Sources/FreeRTOS/Source/timers.o
 .debug_line    0x0000000000002a35      0x55f ./Sources/Drivers/MS5611Driver.o
 .debug_line    0x0000000000002f94      0x50e ./Sources/Events.o
 .debug_line    0x00000000000034a2      0x775 ./Sources/main.o
 .debug_line    0x0000000000003c17      0x458 ./Project_Settings/Startup_Code/startup.o
 .debug_line    0x000000000000406f      0x6ca ./Generated_Code/AS0.o
 .debug_line    0x0000000000004739      0x6ca ./Generated_Code/AS1.o
 .debug_line    0x0000000000004e03      0x44d ./Generated_Code/ASerialLdd1.o
 .debug_line    0x0000000000005250      0x44d ./Generated_Code/ASerialLdd2.o
 .debug_line    0x000000000000569d      0x6ea ./Generated_Code/CI2C0.o
 .debug_line    0x0000000000005d87      0x57a ./Generated_Code/Cpu.o
 .debug_line    0x0000000000006301      0x4b1 ./Generated_Code/IntI2cLdd1.o
 .debug_line    0x00000000000067b2      0x3d9 ./Generated_Code/PE_LDD.o
 .debug_line    0x0000000000006b8b      0x534 ./Generated_Code/SM1.o
 .debug_line    0x00000000000070bf      0x3df ./Generated_Code/SMasterLdd1.o
 .debug_line    0x000000000000749e      0x548 ./Generated_Code/Vectors.o

.debug_str      0x0000000000000000    0x5d8a9
 .debug_str     0x0000000000000000     0x7119 ./Sources/FreeRTOS/Source/portable/MemMang/heap_2.o
                                       0x7315 (size before relaxing)
 .debug_str     0x0000000000007119      0x786 ./Sources/FreeRTOS/Source/portable/GCC/ARM_CM3/port.o
                                       0x637e (size before relaxing)
 .debug_str     0x000000000000789f      0x12d ./Sources/FreeRTOS/Source/list.o
                                       0x6cdd (size before relaxing)
 .debug_str     0x00000000000079cc     0x1f60 ./Sources/FreeRTOS/Source/queue.o
                                       0x9000 (size before relaxing)
 .debug_str     0x000000000000992c     0x1f99 ./Sources/FreeRTOS/Source/tasks.o
                                       0x9fda (size before relaxing)
 .debug_str     0x000000000000b8c5      0x39e ./Sources/FreeRTOS/Source/timers.o
                                       0x8650 (size before relaxing)
 .debug_str     0x000000000000bc63    0x3c442 ./Sources/Drivers/MS5611Driver.o
                                      0x42019 (size before relaxing)
 .debug_str     0x00000000000480a5     0x61b2 ./Sources/Events.o
                                      0x451d3 (size before relaxing)
 .debug_str     0x000000000004e257      0x8b0 ./Sources/main.o
                                      0x4b43d (size before relaxing)
 .debug_str     0x000000000004eb07      0x188 ./Project_Settings/Startup_Code/startup.o
                                       0x4cef (size before relaxing)
 .debug_str     0x000000000004ec8f      0x37d ./Generated_Code/AS0.o
                                      0x4549a (size before relaxing)
 .debug_str     0x000000000004f00c      0x158 ./Generated_Code/AS1.o
                                      0x45489 (size before relaxing)
 .debug_str     0x000000000004f164     0x74a6 ./Generated_Code/ASerialLdd1.o
                                      0x46af5 (size before relaxing)
 .debug_str     0x000000000005660a      0x153 ./Generated_Code/ASerialLdd2.o
                                      0x46af5 (size before relaxing)
 .debug_str     0x000000000005675d      0x1db ./Generated_Code/CI2C0.o
                                      0x48885 (size before relaxing)
 .debug_str     0x0000000000056938      0x25b ./Generated_Code/Cpu.o
                                      0x454ab (size before relaxing)
 .debug_str     0x0000000000056b93     0x683c ./Generated_Code/IntI2cLdd1.o
                                      0x46074 (size before relaxing)
 .debug_str     0x000000000005d3cf      0x177 ./Generated_Code/PE_LDD.o
                                      0x45288 (size before relaxing)
 .debug_str     0x000000000005d546      0x128 ./Generated_Code/SM1.o
                                      0x4531d (size before relaxing)
 .debug_str     0x000000000005d66e      0x21f ./Generated_Code/SMasterLdd1.o
                                      0x44f9a (size before relaxing)
 .debug_str     0x000000000005d88d       0x1c ./Generated_Code/Vectors.o
                                      0x4512a (size before relaxing)

.comment        0x0000000000000000       0x70
 .comment       0x0000000000000000       0x70 ./Sources/FreeRTOS/Source/portable/MemMang/heap_2.o
                                         0x71 (size before relaxing)
 .comment       0x0000000000000000       0x71 ./Sources/FreeRTOS/Source/portable/GCC/ARM_CM3/port.o
 .comment       0x0000000000000000       0x71 ./Sources/FreeRTOS/Source/list.o
 .comment       0x0000000000000000       0x71 ./Sources/FreeRTOS/Source/queue.o
 .comment       0x0000000000000000       0x71 ./Sources/FreeRTOS/Source/tasks.o
 .comment       0x0000000000000000       0x71 ./Sources/FreeRTOS/Source/timers.o
 .comment       0x0000000000000000       0x71 ./Sources/Drivers/MS5611Driver.o
 .comment       0x0000000000000000       0x71 ./Sources/Events.o
 .comment       0x0000000000000000       0x71 ./Sources/main.o
 .comment       0x0000000000000000       0x71 ./Project_Settings/Startup_Code/startup.o
 .comment       0x0000000000000000       0x71 ./Generated_Code/AS0.o
 .comment       0x0000000000000000       0x71 ./Generated_Code/AS1.o
 .comment       0x0000000000000000       0x71 ./Generated_Code/ASerialLdd1.o
 .comment       0x0000000000000000       0x71 ./Generated_Code/ASerialLdd2.o
 .comment       0x0000000000000000       0x71 ./Generated_Code/CI2C0.o
 .comment       0x0000000000000000       0x71 ./Generated_Code/Cpu.o
 .comment       0x0000000000000000       0x71 ./Generated_Code/IntI2cLdd1.o
 .comment       0x0000000000000000       0x71 ./Generated_Code/PE_LDD.o
 .comment       0x0000000000000000       0x71 ./Generated_Code/SM1.o
 .comment       0x0000000000000000       0x71 ./Generated_Code/SMasterLdd1.o
 .comment       0x0000000000000000       0x71 ./Generated_Code/Vectors.o

.debug_frame    0x0000000000000000     0x1d7c
 .debug_frame   0x0000000000000000       0x9c ./Sources/FreeRTOS/Source/portable/MemMang/heap_2.o
 .debug_frame   0x000000000000009c      0x178 ./Sources/FreeRTOS/Source/portable/GCC/ARM_CM3/port.o
 .debug_frame   0x0000000000000214       0x9c ./Sources/FreeRTOS/Source/list.o
 .debug_frame   0x00000000000002b0      0x2f0 ./Sources/FreeRTOS/Source/queue.o
 .debug_frame   0x00000000000005a0      0x538 ./Sources/FreeRTOS/Source/tasks.o
 .debug_frame   0x0000000000000ad8      0x1e0 ./Sources/FreeRTOS/Source/timers.o
 .debug_frame   0x0000000000000cb8       0xec ./Sources/Drivers/MS5611Driver.o
 .debug_frame   0x0000000000000da4      0x1c0 ./Sources/Events.o
 .debug_frame   0x0000000000000f64       0xe8 ./Sources/main.o
 .debug_frame   0x000000000000104c      0x108 ./Project_Settings/Startup_Code/startup.o
 .debug_frame   0x0000000000001154      0x1c8 ./Generated_Code/AS0.o
 .debug_frame   0x000000000000131c      0x1c8 ./Generated_Code/AS1.o
 .debug_frame   0x00000000000014e4       0xec ./Generated_Code/ASerialLdd1.o
 .debug_frame   0x00000000000015d0       0xec ./Generated_Code/ASerialLdd2.o
 .debug_frame   0x00000000000016bc      0x168 ./Generated_Code/CI2C0.o
 .debug_frame   0x0000000000001824       0xec ./Generated_Code/Cpu.o
 .debug_frame   0x0000000000001910       0xe0 ./Generated_Code/IntI2cLdd1.o
 .debug_frame   0x00000000000019f0       0x64 ./Generated_Code/PE_LDD.o
 .debug_frame   0x0000000000001a54       0xf8 ./Generated_Code/SM1.o
 .debug_frame   0x0000000000001b4c       0x88 ./Generated_Code/SMasterLdd1.o
 .debug_frame   0x0000000000001bd4       0x50 /Users/gian/Projects/Microcontrollers/ARM/Tools/gcc-arm-none-eabi-4_8-2014q2/bin/../lib/gcc/arm-none-eabi/4.8.4/armv7e-m/libgcc.a(bpabi.o)
 .debug_frame   0x0000000000001c24       0x34 /Users/gian/Projects/Microcontrollers/ARM/Tools/gcc-arm-none-eabi-4_8-2014q2/bin/../lib/gcc/arm-none-eabi/4.8.4/armv7e-m/libgcc.a(_divdi3.o)
 .debug_frame   0x0000000000001c58       0x34 /Users/gian/Projects/Microcontrollers/ARM/Tools/gcc-arm-none-eabi-4_8-2014q2/bin/../lib/gcc/arm-none-eabi/4.8.4/armv7e-m/libgcc.a(_udivdi3.o)
 .debug_frame   0x0000000000001c8c       0x2c /Users/gian/Projects/Microcontrollers/ARM/Tools/gcc-arm-none-eabi-4_8-2014q2/bin/../lib/gcc/arm-none-eabi/4.8.4/../../../../arm-none-eabi/lib/armv7e-m/libg.a(lib_a-memset.o)
 .debug_frame   0x0000000000001cb8       0x48 /Users/gian/Projects/Microcontrollers/ARM/Tools/gcc-arm-none-eabi-4_8-2014q2/bin/../lib/gcc/arm-none-eabi/4.8.4/../../../../arm-none-eabi/lib/armv7e-m/libg.a(lib_a-__call_atexit.o)
 .debug_frame   0x0000000000001d00       0x20 /Users/gian/Projects/Microcontrollers/ARM/Tools/gcc-arm-none-eabi-4_8-2014q2/bin/../lib/gcc/arm-none-eabi/4.8.4/../../../../arm-none-eabi/lib/armv7e-m/libg.a(lib_a-atexit.o)
 .debug_frame   0x0000000000001d20       0x2c /Users/gian/Projects/Microcontrollers/ARM/Tools/gcc-arm-none-eabi-4_8-2014q2/bin/../lib/gcc/arm-none-eabi/4.8.4/../../../../arm-none-eabi/lib/armv7e-m/libg.a(lib_a-fini.o)
 .debug_frame   0x0000000000001d4c       0x30 /Users/gian/Projects/Microcontrollers/ARM/Tools/gcc-arm-none-eabi-4_8-2014q2/bin/../lib/gcc/arm-none-eabi/4.8.4/../../../../arm-none-eabi/lib/armv7e-m/libg.a(lib_a-__atexit.o)
